Product: MDK-ARM Professional 5.10
Component: ARM Compiler 5.04 update 1 (build 49)
Tool: armlink [5040049]

==============================================================================

Section Cross References

    main.o(i.main) refers to _printf_percent.o(.ARM.Collect$$_printf_percent$$00000000) for _printf_percent
    main.o(i.main) refers to _printf_s.o(.ARM.Collect$$_printf_percent$$00000014) for _printf_s
    main.o(i.main) refers to _printf_str.o(.text) for _printf_str
    main.o(i.main) refers to sysctl.o(i.SysCtlClockSet) for SysCtlClockSet
    main.o(i.main) refers to termio.o(i.TERMIO_Init) for TERMIO_Init
    main.o(i.main) refers to noretval__2printf.o(.text) for __2printf
    main.o(i.main) refers to puts.o(.text) for puts
    main.o(i.main) refers to es_framework.o(i.ES_Initialize) for ES_Initialize
    main.o(i.main) refers to es_framework.o(i.ES_Run) for ES_Run
    eventcheckers.o(i.Check4Keystroke) refers to termio.o(i.kbhit) for kbhit
    eventcheckers.o(i.Check4Keystroke) refers to getc.o(.text) for getc
    eventcheckers.o(i.Check4Keystroke) refers to farmer_sm.o(i.PostFARMER_SM) for PostFARMER_SM
    eventcheckers.o(i.Check4Keystroke) refers to retarget.o(.data) for __stdin
    es_shorttimer.o(i.ES_ShortTimerInit) refers to sysctl.o(i.SysCtlPeripheralEnable) for SysCtlPeripheralEnable
    es_shorttimer.o(i.ES_ShortTimerInit) refers to timer.o(i.TimerConfigure) for TimerConfigure
    es_shorttimer.o(i.ES_ShortTimerInit) refers to timer.o(i.TimerPrescaleSet) for TimerPrescaleSet
    es_shorttimer.o(i.ES_ShortTimerInit) refers to es_shorttimer.o(.data) for .data
    es_shorttimer.o(i.ES_ShortTimerStart) refers to es_shorttimer.o(i.ShortTimerBHandler) for ShortTimerBHandler
    es_shorttimer.o(i.ES_ShortTimerStart) refers to timer.o(i.TimerLoadSet) for TimerLoadSet
    es_shorttimer.o(i.ES_ShortTimerStart) refers to timer.o(i.TimerIntEnable) for TimerIntEnable
    es_shorttimer.o(i.ES_ShortTimerStart) refers to interrupt.o(i.IntEnable) for IntEnable
    es_shorttimer.o(i.ES_ShortTimerStart) refers to timer.o(i.TimerEnable) for TimerEnable
    es_shorttimer.o(i.ES_ShortTimerStart) refers to es_shorttimer.o(i.ShortTimerAHandler) for ShortTimerAHandler
    es_shorttimer.o(i.ShortTimerAHandler) refers to timer.o(i.TimerIntClear) for TimerIntClear
    es_shorttimer.o(i.ShortTimerAHandler) refers to es_framework.o(i.ES_PostToService) for ES_PostToService
    es_shorttimer.o(i.ShortTimerAHandler) refers to es_shorttimer.o(.data) for .data
    es_shorttimer.o(i.ShortTimerBHandler) refers to timer.o(i.TimerIntClear) for TimerIntClear
    es_shorttimer.o(i.ShortTimerBHandler) refers to es_framework.o(i.ES_PostToService) for ES_PostToService
    es_shorttimer.o(i.ShortTimerBHandler) refers to es_shorttimer.o(.data) for .data
    comm_service.o(i.ConstructPacket) refers to noretval__2printf.o(.text) for __2printf
    comm_service.o(i.ConstructPacket) refers to farmer_sm.o(i.GetDogTag) for GetDogTag
    comm_service.o(i.ConstructPacket) refers to farmer_sm.o(i.GetEncryptionKey) for GetEncryptionKey
    comm_service.o(i.ConstructPacket) refers to farmer_sm.o(i.GetSensorData) for GetSensorData
    comm_service.o(i.ConstructPacket) refers to transmit_sm.o(i.PostTransmit_SM) for PostTransmit_SM
    comm_service.o(i.ConstructPacket) refers to comm_service.o(.bss) for .bss
    comm_service.o(i.ConstructPacket) refers to comm_service.o(.data) for .data
    comm_service.o(i.GetDataPacket_Tx) refers to comm_service.o(.bss) for .bss
    comm_service.o(i.InitComm_Service) refers to comm_service.o(.data) for .data
    comm_service.o(i.InterpretPacket) refers to receive_sm.o(i.GetDataPacket) for GetDataPacket
    comm_service.o(i.InterpretPacket) refers to noretval__2printf.o(.text) for __2printf
    comm_service.o(i.InterpretPacket) refers to farmer_sm.o(i.PostFARMER_SM) for PostFARMER_SM
    comm_service.o(i.InterpretPacket) refers to comm_service.o(.data) for .data
    comm_service.o(i.PostComm_Service) refers to es_framework.o(i.ES_PostToService) for ES_PostToService
    comm_service.o(i.PostComm_Service) refers to comm_service.o(.data) for .data
    comm_service.o(i.ResetEncryptionIndex) refers to comm_service.o(.data) for .data
    comm_service.o(i.RunComm_Service) refers to comm_service.o(i.InterpretPacket) for InterpretPacket
    comm_service.o(i.RunComm_Service) refers to noretval__2printf.o(.text) for __2printf
    comm_service.o(i.RunComm_Service) refers to comm_service.o(i.ConstructPacket) for ConstructPacket
    receive_sm.o(i.GetDataPacket) refers to receive_sm.o(.data) for .data
    receive_sm.o(i.InitReceive_SM) refers to noretval__2printf.o(.text) for __2printf
    receive_sm.o(i.InitReceive_SM) refers to es_framework.o(i.ES_PostToService) for ES_PostToService
    receive_sm.o(i.InitReceive_SM) refers to receive_sm.o(.data) for .data
    receive_sm.o(i.InitReceive_SM) refers to receive_sm.o(.bss) for .bss
[...]
    rtexit2.o(.ARM.exidx) refers to rtexit2.o(.ARM.Collect$$rtexit$$00000001) for .ARM.Collect$$rtexit$$00000001
    rtexit2.o(.ARM.exidx) refers to rtexit2.o(.ARM.Collect$$rtexit$$00000003) for .ARM.Collect$$rtexit$$00000003
    rtexit2.o(.ARM.exidx) refers to rtexit2.o(.ARM.Collect$$rtexit$$00000004) for .ARM.Collect$$rtexit$$00000004
    rt_raise.o(.text) refers to __raise.o(.text) for __raise
    rt_raise.o(.text) refers to retarget.o(i._sys_exit) for _sys_exit
    defsig_exit.o(.text) refers to retarget.o(i._sys_exit) for _sys_exit
    defsig_rtmem_inner.o(.text) refers to defsig_general.o(.text) for __default_signal_display
    __raise.o(.text) refers to defsig.o(CL$$defsig) for __default_signal_handler
    defsig_general.o(.text) refers to retarget.o(i._ttywrch) for _ttywrch
    libshutdown.o(.ARM.Collect$$libshutdown$$00000000) refers (Special) to libshutdown2.o(.ARM.Collect$$libshutdown$$00000006) for __rt_lib_shutdown_fp_trap_1
    libshutdown.o(.ARM.Collect$$libshutdown$$00000000) refers (Special) to libshutdown2.o(.ARM.Collect$$libshutdown$$0000000E) for __rt_lib_shutdown_heap_1
    libshutdown.o(.ARM.Collect$$libshutdown$$00000000) refers (Special) to libshutdown2.o(.ARM.Collect$$libshutdown$$0000000F) for __rt_lib_shutdown_return
    libshutdown.o(.ARM.Collect$$libshutdown$$00000000) refers (Special) to libshutdown2.o(.ARM.Collect$$libshutdown$$00000009) for __rt_lib_shutdown_signal_1
    libshutdown.o(.ARM.Collect$$libshutdown$$00000000) refers (Special) to libshutdown2.o(.ARM.Collect$$libshutdown$$00000003) for __rt_lib_shutdown_stdio_1
    libshutdown.o(.ARM.Collect$$libshutdown$$00000000) refers (Special) to libshutdown2.o(.ARM.Collect$$libshutdown$$0000000B) for __rt_lib_shutdown_user_alloc_1
    defsig.o(CL$$defsig) refers to defsig_rtmem_inner.o(.text) for __rt_SIGRTMEM_inner
    defsig_abrt_inner.o(.text) refers to defsig_general.o(.text) for __default_signal_display
    defsig_fpe_inner.o(.text) refers to defsig_general.o(.text) for __default_signal_display
    defsig_rtred_inner.o(.text) refers to defsig_general.o(.text) for __default_signal_display
    defsig_stak_inner.o(.text) refers to defsig_general.o(.text) for __default_signal_display
    defsig_pvfn_inner.o(.text) refers to defsig_general.o(.text) for __default_signal_display
    defsig_cppl_inner.o(.text) refers to defsig_general.o(.text) for __default_signal_display
    defsig_segv_inner.o(.text) refers to defsig_general.o(.text) for __default_signal_display
    defsig_other.o(.text) refers to defsig_general.o(.text) for __default_signal_display


==============================================================================

Removing Unused input sections from the image.

    Removing es_shorttimer.o(i.ES_ShortTimerInit), (56 bytes).
    Removing es_shorttimer.o(i.ES_ShortTimerStart), (96 bytes).
    Removing es_deferrecall.o(i.ES_RecallEvents), (44 bytes).
    Removing es_framework.o(i.ES_PostAll), (72 bytes).
    Removing es_framework.o(i.ES_PostToServiceLIFO), (56 bytes).
    Removing es_port.o(i.ConsoleInit), (80 bytes).
    Removing es_port.o(i._HW_GetTickCount), (12 bytes).
    Removing es_queue.o(i.ES_EnQueueLIFO), (72 bytes).
    Removing es_queue.o(i.ES_IsQueueEmpty), (12 bytes).
    Removing es_timers.o(i.ES_Timer_GetTime), (4 bytes).
    Removing es_timers.o(i.ES_Timer_SetTimer), (40 bytes).
    Removing es_timers.o(i.ES_Timer_StartTimer), (48 bytes).
    Removing es_timers.o(i.ES_Timer_StopTimer), (36 bytes).
    Removing retarget.o(i._ttywrch), (6 bytes).
    Removing uartstdio.o(i.UARTgets), (132 bytes).
    Removing uartstdio.o(i.UARTprintf), (18 bytes).
    Removing uartstdio.o(i.UARTvprintf), (436 bytes).
    Removing uartstdio.o(i.UARTwrite), (60 bytes).
    Removing gpio.o(i.GPIOADCTriggerDisable), (14 bytes).
    Removing gpio.o(i.GPIOADCTriggerEnable), (14 bytes).
    Removing gpio.o(i.GPIODMATriggerDisable), (14 bytes).
    Removing gpio.o(i.GPIODMATriggerEnable), (14 bytes).
    Removing gpio.o(i.GPIODirModeGet), (34 bytes).
    Removing gpio.o(i.GPIOIntClear), (6 bytes).
    Removing gpio.o(i.GPIOIntDisable), (14 bytes).
    Removing gpio.o(i.GPIOIntEnable), (14 bytes).
    Removing gpio.o(i.GPIOIntRegister), (88 bytes).
    Removing gpio.o(i.GPIOIntStatus), (14 bytes).
    Removing gpio.o(i.GPIOIntTypeGet), (68 bytes).
    Removing gpio.o(i.GPIOIntTypeSet), (80 bytes).
    Removing gpio.o(i.GPIOIntUnregister), (88 bytes).
    Removing gpio.o(i.GPIOPadConfigGet), (204 bytes).
    Removing gpio.o(i.GPIOPinRead), (6 bytes).
    Removing gpio.o(i.GPIOPinTypeADC), (28 bytes).
    Removing gpio.o(i.GPIOPinTypeCAN), (28 bytes).
    Removing gpio.o(i.GPIOPinTypeCIR), (28 bytes).
    Removing gpio.o(i.GPIOPinTypeComparator), (28 bytes).
    Removing gpio.o(i.GPIOPinTypeEPI), (28 bytes).
    Removing gpio.o(i.GPIOPinTypeEthernetLED), (28 bytes).
    Removing gpio.o(i.GPIOPinTypeEthernetMII), (28 bytes).
    Removing gpio.o(i.GPIOPinTypeGPIOInput), (28 bytes).
    Removing gpio.o(i.GPIOPinTypeGPIOOutput), (28 bytes).
    Removing gpio.o(i.GPIOPinTypeGPIOOutputOD), (28 bytes).
    Removing gpio.o(i.GPIOPinTypeI2C), (28 bytes).
    Removing gpio.o(i.GPIOPinTypeI2CSCL), (28 bytes).
    Removing gpio.o(i.GPIOPinTypeKBColumn), (28 bytes).
    Removing gpio.o(i.GPIOPinTypeKBRow), (28 bytes).
    Removing gpio.o(i.GPIOPinTypeLCD), (28 bytes).
    Removing gpio.o(i.GPIOPinTypeLEDSeq), (28 bytes).
    Removing gpio.o(i.GPIOPinTypeLPC), (28 bytes).
    Removing gpio.o(i.GPIOPinTypePECIRx), (28 bytes).
    Removing gpio.o(i.GPIOPinTypePECITx), (28 bytes).
    Removing gpio.o(i.GPIOPinTypePWM), (28 bytes).
    Removing gpio.o(i.GPIOPinTypeQEI), (28 bytes).
    Removing gpio.o(i.GPIOPinTypeSSI), (28 bytes).
    Removing gpio.o(i.GPIOPinTypeTimer), (28 bytes).
    Removing gpio.o(i.GPIOPinTypeUSBAnalog), (28 bytes).
    Removing gpio.o(i.GPIOPinTypeUSBDigital), (28 bytes).
    Removing gpio.o(i.GPIOPinTypeWakeHigh), (30 bytes).
    Removing gpio.o(i.GPIOPinTypeWakeLow), (30 bytes).
    Removing gpio.o(i.GPIOPinWakeStatus), (6 bytes).
    Removing gpio.o(i.GPIOPinWrite), (6 bytes).
    Removing interrupt.o(i.IntDisable), (100 bytes).
    Removing interrupt.o(i.IntEnable), (100 bytes).
    Removing interrupt.o(i.IntIsEnabled), (96 bytes).
    Removing interrupt.o(i.IntMasterDisable), (14 bytes).
    Removing interrupt.o(i.IntPendClear), (68 bytes).
    Removing interrupt.o(i.IntPendSet), (84 bytes).
    Removing interrupt.o(i.IntPriorityGet), (28 bytes).
    Removing interrupt.o(i.IntPriorityGroupingGet), (36 bytes).
    Removing interrupt.o(i.IntPriorityGroupingSet), (28 bytes).
    Removing interrupt.o(i.IntPriorityMaskGet), (4 bytes).
    Removing interrupt.o(i.IntPriorityMaskSet), (4 bytes).
    Removing interrupt.o(i.IntPrioritySet), (40 bytes).
    Removing interrupt.o(i.IntRegister), (52 bytes).
    Removing interrupt.o(i.IntTrigger), (12 bytes).
    Removing interrupt.o(i.IntUnregister), (20 bytes).
    Removing interrupt.o(i._IntDefaultHandler), (2 bytes).
    Removing interrupt.o(.constdata), (268 bytes).
    Removing interrupt.o(vtable), (620 bytes).
    Removing sysctl.o(i.SysCtlAltClkConfig), (12 bytes).
    Removing sysctl.o(i.SysCtlClockFreqSet), (712 bytes).
    Removing sysctl.o(i.SysCtlClockGet), (356 bytes).
    Removing sysctl.o(i.SysCtlClockOutConfig), (16 bytes).
    Removing sysctl.o(i.SysCtlDeepSleep), (32 bytes).
    Removing sysctl.o(i.SysCtlDeepSleepClockConfigSet), (112 bytes).
    Removing sysctl.o(i.SysCtlDeepSleepClockSet), (12 bytes).
    Removing sysctl.o(i.SysCtlDeepSleepPowerSet), (12 bytes).
    Removing sysctl.o(i.SysCtlFlashSectorSizeGet), (56 bytes).
    Removing sysctl.o(i.SysCtlFlashSizeGet), (56 bytes).
    Removing sysctl.o(i.SysCtlGPIOAHBDisable), (28 bytes).
    Removing sysctl.o(i.SysCtlGPIOAHBEnable), (24 bytes).
    Removing sysctl.o(i.SysCtlIntClear), (12 bytes).
    Removing sysctl.o(i.SysCtlIntDisable), (16 bytes).
    Removing sysctl.o(i.SysCtlIntEnable), (16 bytes).
    Removing sysctl.o(i.SysCtlIntRegister), (20 bytes).
    Removing sysctl.o(i.SysCtlIntStatus), (16 bytes).
    Removing sysctl.o(i.SysCtlIntUnregister), (18 bytes).
    Removing sysctl.o(i.SysCtlLDODeepSleepGet), (12 bytes).
    Removing sysctl.o(i.SysCtlLDODeepSleepSet), (12 bytes).
    Removing sysctl.o(i.SysCtlLDOSleepGet), (12 bytes).
    Removing sysctl.o(i.SysCtlLDOSleepSet), (12 bytes).
    Removing sysctl.o(i.SysCtlMOSCConfigSet), (12 bytes).
    Removing sysctl.o(i.SysCtlNMIClear), (16 bytes).
    Removing sysctl.o(i.SysCtlNMIStatus), (12 bytes).
    Removing sysctl.o(i.SysCtlPIOSCCalibrate), (76 bytes).
    Removing sysctl.o(i.SysCtlPWMClockGet), (24 bytes).
    Removing sysctl.o(i.SysCtlPWMClockSet), (20 bytes).
    Removing sysctl.o(i.SysCtlPeripheralClockGating), (68 bytes).
    Removing sysctl.o(i.SysCtlPeripheralDeepSleepDisable), (40 bytes).
    Removing sysctl.o(i.SysCtlPeripheralDeepSleepEnable), (40 bytes).
    Removing sysctl.o(i.SysCtlPeripheralDisable), (40 bytes).
    Removing sysctl.o(i.SysCtlPeripheralPowerOff), (40 bytes).
    Removing sysctl.o(i.SysCtlPeripheralPowerOn), (40 bytes).
    Removing sysctl.o(i.SysCtlPeripheralPresent), (44 bytes).
    Removing sysctl.o(i.SysCtlPeripheralReady), (44 bytes).
    Removing sysctl.o(i.SysCtlPeripheralReset), (60 bytes).
    Removing sysctl.o(i.SysCtlPeripheralSleepDisable), (40 bytes).
    Removing sysctl.o(i.SysCtlPeripheralSleepEnable), (40 bytes).
    Removing sysctl.o(i.SysCtlReset), (16 bytes).
    Removing sysctl.o(i.SysCtlResetBehaviorGet), (12 bytes).
    Removing sysctl.o(i.SysCtlResetBehaviorSet), (12 bytes).
    Removing sysctl.o(i.SysCtlResetCauseClear), (16 bytes).
    Removing sysctl.o(i.SysCtlResetCauseGet), (12 bytes).
    Removing sysctl.o(i.SysCtlSRAMSizeGet), (16 bytes).
    Removing sysctl.o(i.SysCtlSleep), (4 bytes).
    Removing sysctl.o(i.SysCtlSleepPowerSet), (12 bytes).
    Removing sysctl.o(i.SysCtlUSBPLLDisable), (16 bytes).
    Removing sysctl.o(i.SysCtlUSBPLLEnable), (16 bytes).
    Removing sysctl.o(i.SysCtlVoltageEventClear), (16 bytes).
    Removing sysctl.o(i.SysCtlVoltageEventConfig), (12 bytes).
    Removing sysctl.o(i.SysCtlVoltageEventStatus), (12 bytes).
    Removing sysctl.o(.constdata), (452 bytes).
    Removing systick.o(i.SysTickDisable), (14 bytes).
    Removing systick.o(i.SysTickIntDisable), (14 bytes).
    Removing systick.o(i.SysTickIntRegister), (24 bytes).
    Removing systick.o(i.SysTickIntUnregister), (18 bytes).
    Removing systick.o(i.SysTickPeriodGet), (10 bytes).
    Removing systick.o(i.SysTickValueGet), (8 bytes).
    Removing timer.o(i.TimerADCEventGet), (4 bytes).
    Removing timer.o(i.TimerADCEventSet), (4 bytes).
    Removing timer.o(i.TimerClockSourceGet), (6 bytes).
    Removing timer.o(i.TimerClockSourceSet), (6 bytes).
    Removing timer.o(i.TimerConfigure), (96 bytes).
    Removing timer.o(i.TimerControlEvent), (18 bytes).
    Removing timer.o(i.TimerControlLevel), (22 bytes).
    Removing timer.o(i.TimerControlStall), (22 bytes).
    Removing timer.o(i.TimerControlTrigger), (76 bytes).
    Removing timer.o(i.TimerControlWaitOnTrigger), (48 bytes).
    Removing timer.o(i.TimerDMAEventGet), (4 bytes).
    Removing timer.o(i.TimerDMAEventSet), (4 bytes).
    Removing timer.o(i.TimerDisable), (16 bytes).
    Removing timer.o(i.TimerEnable), (14 bytes).
    Removing timer.o(i.TimerIntDisable), (10 bytes).
    Removing timer.o(i.TimerIntEnable), (8 bytes).
    Removing timer.o(i.TimerIntRegister), (104 bytes).
    Removing timer.o(i.TimerIntStatus), (10 bytes).
    Removing timer.o(i.TimerIntUnregister), (104 bytes).
    Removing timer.o(i.TimerLoadGet), (10 bytes).
    Removing timer.o(i.TimerLoadGet64), (14 bytes).
    Removing timer.o(i.TimerLoadSet), (18 bytes).
    Removing timer.o(i.TimerLoadSet64), (6 bytes).
    Removing timer.o(i.TimerMatchGet), (10 bytes).
    Removing timer.o(i.TimerMatchGet64), (14 bytes).
    Removing timer.o(i.TimerMatchSet), (18 bytes).
    Removing timer.o(i.TimerMatchSet64), (6 bytes).
    Removing timer.o(i.TimerPrescaleGet), (10 bytes).
    Removing timer.o(i.TimerPrescaleMatchGet), (10 bytes).
    Removing timer.o(i.TimerPrescaleMatchSet), (18 bytes).
    Removing timer.o(i.TimerPrescaleSet), (18 bytes).
    Removing timer.o(i.TimerRTCDisable), (10 bytes).
    Removing timer.o(i.TimerRTCEnable), (10 bytes).
    Removing timer.o(i.TimerSynchronize), (4 bytes).
    Removing timer.o(i.TimerUpdateMode), (42 bytes).
    Removing timer.o(i.TimerValueGet), (10 bytes).
    Removing timer.o(i.TimerValueGet64), (14 bytes).
    Removing timer.o(.constdata), (160 bytes).
    Removing uart.o(i.UART9BitAddrSend), (38 bytes).
    Removing uart.o(i.UART9BitAddrSet), (10 bytes).
    Removing uart.o(i.UART9BitDisable), (14 bytes).
    Removing uart.o(i.UART9BitEnable), (14 bytes).
    Removing uart.o(i.UARTBreakCtl), (18 bytes).
    Removing uart.o(i.UARTBusy), (8 bytes).
    Removing uart.o(i.UARTCharGet), (12 bytes).
    Removing uart.o(i.UARTCharGetNonBlocking), (16 bytes).
    Removing uart.o(i.UARTCharPutNonBlocking), (16 bytes).
    Removing uart.o(i.UARTCharsAvail), (10 bytes).
    Removing uart.o(i.UARTClockSourceGet), (6 bytes).
    Removing uart.o(i.UARTConfigGetExpClk), (46 bytes).
    Removing uart.o(i.UARTConfigSetExpClk), (110 bytes).
    Removing uart.o(i.UARTDMADisable), (10 bytes).
    Removing uart.o(i.UARTDMAEnable), (8 bytes).
    Removing uart.o(i.UARTDisable), (30 bytes).
    Removing uart.o(i.UARTDisableSIR), (10 bytes).
    Removing uart.o(i.UARTEnable), (20 bytes).
    Removing uart.o(i.UARTEnableSIR), (18 bytes).
    Removing uart.o(i.UARTFIFODisable), (10 bytes).
    Removing uart.o(i.UARTFIFOEnable), (10 bytes).
    Removing uart.o(i.UARTFIFOLevelGet), (16 bytes).
    Removing uart.o(i.UARTFIFOLevelSet), (6 bytes).
    Removing uart.o(i.UARTFlowControlGet), (8 bytes).
    Removing uart.o(i.UARTFlowControlSet), (12 bytes).
    Removing uart.o(i.UARTIntClear), (4 bytes).
    Removing uart.o(i.UARTIntDisable), (10 bytes).
    Removing uart.o(i.UARTIntEnable), (8 bytes).
    Removing uart.o(i.UARTIntRegister), (88 bytes).
    Removing uart.o(i.UARTIntStatus), (10 bytes).
    Removing uart.o(i.UARTIntUnregister), (88 bytes).
    Removing uart.o(i.UARTModemControlClear), (14 bytes).
    Removing uart.o(i.UARTModemControlGet), (8 bytes).
    Removing uart.o(i.UARTModemControlSet), (12 bytes).
    Removing uart.o(i.UARTModemStatusGet), (10 bytes).
    Removing uart.o(i.UARTParityModeGet), (8 bytes).
    Removing uart.o(i.UARTParityModeSet), (12 bytes).
    Removing uart.o(i.UARTRxErrorClear), (6 bytes).
    Removing uart.o(i.UARTRxErrorGet), (8 bytes).
    Removing uart.o(i.UARTSmartCardDisable), (10 bytes).
    Removing uart.o(i.UARTSmartCardEnable), (22 bytes).
    Removing uart.o(i.UARTSpaceAvail), (10 bytes).
    Removing uart.o(i.UARTTxIntModeGet), (8 bytes).
    Removing uart.o(i.UARTTxIntModeSet), (12 bytes).
    Removing uart.o(.constdata), (128 bytes).

222 unused section(s) (total 9172 bytes) removed from the image.

==============================================================================

Image Symbol Table

    Local Symbols

    Symbol Name                              Value     Ov Type        Size  Object(Section)

    RESET                                    0x00000000   Section      648  startup_rvmdk.o(RESET)
    ../clib/angel/boardlib.s                 0x00000000   Number         0  boardinit3.o ABSOLUTE
    ../clib/angel/boardlib.s                 0x00000000   Number         0  boardinit2.o ABSOLUTE
    ../clib/angel/boardlib.s                 0x00000000   Number         0  boardinit1.o ABSOLUTE
    ../clib/angel/boardlib.s                 0x00000000   Number         0  boardshut.o ABSOLUTE
    ../clib/angel/handlers.s                 0x00000000   Number         0  __scatter_copy.o ABSOLUTE
    ../clib/angel/handlers.s                 0x00000000   Number         0  __scatter_zi.o ABSOLUTE
    ../clib/angel/kernel.s                   0x00000000   Number         0  rtexit.o ABSOLUTE
    ../clib/angel/kernel.s                   0x00000000   Number         0  rtexit2.o ABSOLUTE
    ../clib/angel/kernel.s                   0x00000000   Number         0  rtentry4.o ABSOLUTE
    ../clib/angel/kernel.s                   0x00000000   Number         0  rtentry2.o ABSOLUTE
    ../clib/angel/kernel.s                   0x00000000   Number         0  rtentry.o ABSOLUTE
    ../clib/angel/rt.s                       0x00000000   Number         0  rt_raise.o ABSOLUTE
    ../clib/angel/scatter.s                  0x00000000   Number         0  __scatter.o ABSOLUTE
    ../clib/angel/startup.s                  0x00000000   Number         0  __main.o ABSOLUTE
    ../clib/angel/sys.s                      0x00000000   Number         0  indicate_semi.o ABSOLUTE
    ../clib/angel/sys.s                      0x00000000   Number         0  sys_stackheap_outer.o ABSOLUTE
    ../clib/angel/sys.s                      0x00000000   Number         0  libspace.o ABSOLUTE
    ../clib/angel/sys.s                      0x00000000   Number         0  use_no_semi.o ABSOLUTE
    ../clib/angel/sysapp.c                   0x00000000   Number         0  sys_command.o ABSOLUTE
    ../clib/armsys.c                         0x00000000   Number         0  argv_veneer.o ABSOLUTE
    ../clib/armsys.c                         0x00000000   Number         0  _get_argv_nomalloc.o ABSOLUTE
    ../clib/armsys.c                         0x00000000   Number         0  argv_veneer.o ABSOLUTE
    ../clib/armsys.c                         0x00000000   Number         0  no_argv.o ABSOLUTE
    ../clib/heapalloc.c                      0x00000000   Number         0  hrguard.o ABSOLUTE
    ../clib/heapaux.c                        0x00000000   Number         0  heapauxi.o ABSOLUTE
    ../clib/libinit.s                        0x00000000   Number         0  libshutdown.o ABSOLUTE
    ../clib/libinit.s                        0x00000000   Number         0  libshutdown2.o ABSOLUTE
    ../clib/libinit.s                        0x00000000   Number         0  libinit2.o ABSOLUTE
    ../clib/libinit.s                        0x00000000   Number         0  libinit.o ABSOLUTE
    ../clib/printf.c                         0x00000000   Number         0  __printf_flags_wp.o ABSOLUTE
    ../clib/printf.c                         0x00000000   Number         0  __printf_flags_ss.o ABSOLUTE
    ../clib/printf.c                         0x00000000   Number         0  __printf_ss.o ABSOLUTE
    ../clib/printf.c                         0x00000000   Number         0  __printf_flags.o ABSOLUTE
    ../clib/printf.c                         0x00000000   Number         0  __printf_nopercent.o ABSOLUTE
    ../clib/printf.c                         0x00000000   Number         0  _printf_dec.o ABSOLUTE
    ../clib/printf.c                         0x00000000   Number         0  _printf_str.o ABSOLUTE
    ../clib/printf.c                         0x00000000   Number         0  __printf.o ABSOLUTE
    ../clib/printf.c                         0x00000000   Number         0  _printf_char_common.o ABSOLUTE
    ../clib/printf.c                         0x00000000   Number         0  noretval__2printf.o ABSOLUTE
    ../clib/printf.c                         0x00000000   Number         0  __2printf.o ABSOLUTE
    ../clib/printf.c                         0x00000000   Number         0  __printf_wp.o ABSOLUTE
    ../clib/printf.c                         0x00000000   Number         0  _printf_char_file.o ABSOLUTE
    ../clib/printf.c                         0x00000000   Number         0  _printf_char.o ABSOLUTE
    ../clib/printf.c                         0x00000000   Number         0  _printf_intcommon.o ABSOLUTE
    ../clib/printf.c                         0x00000000   Number         0  __printf_flags_ss_wp.o ABSOLUTE
    ../clib/printf.c                         0x00000000   Number         0  __printf_ss_wp.o ABSOLUTE
    ../clib/printf_percent.s                 0x00000000   Number         0  _printf_i.o ABSOLUTE
    ../clib/printf_percent.s                 0x00000000   Number         0  _printf_percent.o ABSOLUTE
    ../clib/printf_percent.s                 0x00000000   Number         0  _printf_s.o ABSOLUTE
    ../clib/printf_percent.s                 0x00000000   Number         0  _printf_percent_end.o ABSOLUTE
    ../clib/signal.c                         0x00000000   Number         0  defsig_general.o ABSOLUTE
    ../clib/signal.c                         0x00000000   Number         0  __raise.o ABSOLUTE
    ../clib/signal.c                         0x00000000   Number         0  defsig_rtmem_outer.o ABSOLUTE
    ../clib/signal.c                         0x00000000   Number         0  defsig_exit.o ABSOLUTE
    ../clib/signal.c                         0x00000000   Number         0  defsig_rtmem_inner.o ABSOLUTE
    ../clib/signal.c                         0x00000000   Number         0  defsig_rtmem_formal.o ABSOLUTE
    ../clib/signal.c                         0x00000000   Number         0  defsig_abrt_inner.o ABSOLUTE
    ../clib/signal.c                         0x00000000   Number         0  defsig_pvfn_inner.o ABSOLUTE
    ../clib/signal.c                         0x00000000   Number         0  defsig_fpe_inner.o ABSOLUTE
    ../clib/signal.c                         0x00000000   Number         0  defsig_rtred_inner.o ABSOLUTE
    ../clib/signal.c                         0x00000000   Number         0  defsig_other.o ABSOLUTE
    ../clib/signal.c                         0x00000000   Number         0  defsig_segv_inner.o ABSOLUTE
    ../clib/signal.c                         0x00000000   Number         0  defsig_cppl_inner.o ABSOLUTE
    ../clib/signal.c                         0x00000000   Number         0  defsig_stak_inner.o ABSOLUTE
    ../clib/signal.s                         0x00000000   Number         0  defsig.o ABSOLUTE
    ../clib/stdio.c                          0x00000000   Number         0  puts.o ABSOLUTE
    ../clib/stdio.c                          0x00000000   Number         0  getc.o ABSOLUTE
    ../clib/stdlib.c                         0x00000000   Number         0  exit.o ABSOLUTE
    ../clib/stdlib.c                         0x00000000   Number         0  rand.o ABSOLUTE
    ../clib/stdlib.c                         0x00000000   Number         0  rand.o ABSOLUTE
    ../fplib/fpinit.s                        0x00000000   Number         0  fpinit.o ABSOLUTE
    Source\Comm_Service.c                    0x00000000   Number         0  comm_service.o ABSOLUTE
    Source\ES_CheckEvents.c                  0x00000000   Number         0  es_checkevents.o ABSOLUTE
    Source\ES_DeferRecall.c                  0x00000000   Number         0  es_deferrecall.o ABSOLUTE
    Source\ES_Framework.c                    0x00000000   Number         0  es_framework.o ABSOLUTE
    Source\ES_LookupTables.c                 0x00000000   Number         0  es_lookuptables.o ABSOLUTE
    Source\ES_Port.c                         0x00000000   Number         0  es_port.o ABSOLUTE
    Source\ES_PostList.c                     0x00000000   Number         0  es_postlist.o ABSOLUTE
    Source\ES_Queue.c                        0x00000000   Number         0  es_queue.o ABSOLUTE
    Source\ES_ShortTimer.c                   0x00000000   Number         0  es_shorttimer.o ABSOLUTE
    Source\ES_Timers.c                       0x00000000   Number         0  es_timers.o ABSOLUTE
    Source\EventCheckers.c                   0x00000000   Number         0  eventcheckers.o ABSOLUTE
    Source\FARMER_SM.c                       0x00000000   Number         0  farmer_sm.o ABSOLUTE
    Source\Receive_SM.c                      0x00000000   Number         0  receive_sm.o ABSOLUTE
    Source\Transmit_SM.c                     0x00000000   Number         0  transmit_sm.o ABSOLUTE
    Source\UART.c                            0x00000000   Number         0  uart.o ABSOLUTE
    Source\main.c                            0x00000000   Number         0  main.o ABSOLUTE
    Source\retarget.c                        0x00000000   Number         0  retarget.o ABSOLUTE
    Source\termio.c                          0x00000000   Number         0  termio.o ABSOLUTE
    Source\uartstdio.c                       0x00000000   Number         0  uartstdio.o ABSOLUTE
    StartUp\startup_rvmdk.S                  0x00000000   Number         0  startup_rvmdk.o ABSOLUTE
    cpu.c                                    0x00000000   Number         0  cpu.o ABSOLUTE
    cpu.c                                    0x00000000   Number         0  cpu.o ABSOLUTE
    dc.s                                     0x00000000   Number         0  dc.o ABSOLUTE
    gpio.c                                   0x00000000   Number         0  gpio.o ABSOLUTE
    interrupt.c                              0x00000000   Number         0  interrupt.o ABSOLUTE
    sysctl.c                                 0x00000000   Number         0  sysctl.o ABSOLUTE
    sysctl.c                                 0x00000000   Number         0  sysctl.o ABSOLUTE
    systick.c                                0x00000000   Number         0  systick.o ABSOLUTE
    timer.c                                  0x00000000   Number         0  timer.o ABSOLUTE
    uart.c                                   0x00000000   Number         0  uart.o ABSOLUTE
    $v0                                      0x0000026c   Number         0  startup_rvmdk.o(RESET)
    NmiSR                                    0x00000281   Thumb Code     0  startup_rvmdk.o(RESET)
    FaultISR                                 0x00000283   Thumb Code     0  startup_rvmdk.o(RESET)
    IntDefaultHandler                        0x00000285   Thumb Code     0  startup_rvmdk.o(RESET)
    !!!main                                  0x00000288   Section        8  __main.o(!!!main)
    !!!scatter                               0x00000290   Section       52  __scatter.o(!!!scatter)
    !!handler_copy                           0x000002c4   Section       26  __scatter_copy.o(!!handler_copy)
    !!handler_zi                             0x000002e0   Section       28  __scatter_zi.o(!!handler_zi)
    .ARM.Collect$$_printf_percent$$00000000  0x000002fc   Section        0  _printf_percent.o(.ARM.Collect$$_printf_percent$$00000000)
    .ARM.Collect$$_printf_percent$$00000008  0x000002fc   Section        6  _printf_i.o(.ARM.Collect$$_printf_percent$$00000008)
    .ARM.Collect$$_printf_percent$$00000014  0x00000302   Section        6  _printf_s.o(.ARM.Collect$$_printf_percent$$00000014)
    .ARM.Collect$$_printf_percent$$00000017  0x00000308   Section        4  _printf_percent_end.o(.ARM.Collect$$_printf_percent$$00000017)
    .ARM.Collect$$libinit$$00000000          0x0000030c   Section        2  libinit.o(.ARM.Collect$$libinit$$00000000)
    .ARM.Collect$$libinit$$00000001          0x0000030e   Section        4  libinit2.o(.ARM.Collect$$libinit$$00000001)
    .ARM.Collect$$libinit$$00000008          0x00000312   Section        0  libinit2.o(.ARM.Collect$$libinit$$00000008)
    .ARM.Collect$$libinit$$0000000A          0x00000312   Section        0  libinit2.o(.ARM.Collect$$libinit$$0000000A)
    .ARM.Collect$$libinit$$0000000B          0x00000312   Section        4  libinit2.o(.ARM.Collect$$libinit$$0000000B)
    .ARM.Collect$$libinit$$0000000C          0x00000316   Section        0  libinit2.o(.ARM.Collect$$libinit$$0000000C)
    .ARM.Collect$$libinit$$0000000F          0x00000316   Section        0  libinit2.o(.ARM.Collect$$libinit$$0000000F)
    .ARM.Collect$$libinit$$00000011          0x00000316   Section        0  libinit2.o(.ARM.Collect$$libinit$$00000011)
    .ARM.Collect$$libinit$$00000013          0x00000316   Section        0  libinit2.o(.ARM.Collect$$libinit$$00000013)
    .ARM.Collect$$libinit$$00000015          0x00000316   Section        0  libinit2.o(.ARM.Collect$$libinit$$00000015)
    .ARM.Collect$$libinit$$00000017          0x00000316   Section        0  libinit2.o(.ARM.Collect$$libinit$$00000017)
    .ARM.Collect$$libinit$$00000019          0x00000316   Section        0  libinit2.o(.ARM.Collect$$libinit$$00000019)
    .ARM.Collect$$libinit$$0000001B          0x00000316   Section        0  libinit2.o(.ARM.Collect$$libinit$$0000001B)
    .ARM.Collect$$libinit$$0000001D          0x00000316   Section        0  libinit2.o(.ARM.Collect$$libinit$$0000001D)
    .ARM.Collect$$libinit$$0000001F          0x00000316   Section        0  libinit2.o(.ARM.Collect$$libinit$$0000001F)
    .ARM.Collect$$libinit$$00000021          0x00000316   Section        0  libinit2.o(.ARM.Collect$$libinit$$00000021)
    .ARM.Collect$$libinit$$00000023          0x00000316   Section        0  libinit2.o(.ARM.Collect$$libinit$$00000023)
    .ARM.Collect$$libinit$$0000002A          0x00000316   Section        0  libinit2.o(.ARM.Collect$$libinit$$0000002A)
    .ARM.Collect$$libinit$$0000002C          0x00000316   Section        0  libinit2.o(.ARM.Collect$$libinit$$0000002C)
    .ARM.Collect$$libinit$$0000002E          0x00000316   Section        0  libinit2.o(.ARM.Collect$$libinit$$0000002E)
    .ARM.Collect$$libinit$$00000030          0x00000316   Section        0  libinit2.o(.ARM.Collect$$libinit$$00000030)
    .ARM.Collect$$libinit$$00000031          0x00000316   Section        2  libinit2.o(.ARM.Collect$$libinit$$00000031)
    .ARM.Collect$$libshutdown$$00000000      0x00000318   Section        2  libshutdown.o(.ARM.Collect$$libshutdown$$00000000)
    .ARM.Collect$$libshutdown$$00000003      0x0000031a   Section        0  libshutdown2.o(.ARM.Collect$$libshutdown$$00000003)
    .ARM.Collect$$libshutdown$$00000006      0x0000031a   Section        0  libshutdown2.o(.ARM.Collect$$libshutdown$$00000006)
    .ARM.Collect$$libshutdown$$00000009      0x0000031a   Section        0  libshutdown2.o(.ARM.Collect$$libshutdown$$00000009)
    .ARM.Collect$$libshutdown$$0000000B      0x0000031a   Section        0  libshutdown2.o(.ARM.Collect$$libshutdown$$0000000B)
    .ARM.Collect$$libshutdown$$0000000E      0x0000031a   Section        0  libshutdown2.o(.ARM.Collect$$libshutdown$$0000000E)
    .ARM.Collect$$libshutdown$$0000000F      0x0000031a   Section        2  libshutdown2.o(.ARM.Collect$$libshutdown$$0000000F)
    .ARM.Collect$$rtentry$$00000000          0x0000031c   Section        0  rtentry.o(.ARM.Collect$$rtentry$$00000000)
    .ARM.Collect$$rtentry$$00000002          0x0000031c   Section        0  rtentry2.o(.ARM.Collect$$rtentry$$00000002)
    .ARM.Collect$$rtentry$$00000004          0x0000031c   Section        6  rtentry4.o(.ARM.Collect$$rtentry$$00000004)
    .ARM.Collect$$rtentry$$00000009          0x00000322   Section        0  rtentry2.o(.ARM.Collect$$rtentry$$00000009)
    .ARM.Collect$$rtentry$$0000000A          0x00000322   Section        4  rtentry2.o(.ARM.Collect$$rtentry$$0000000A)
    .ARM.Collect$$rtentry$$0000000C          0x00000326   Section        0  rtentry2.o(.ARM.Collect$$rtentry$$0000000C)
    .ARM.Collect$$rtentry$$0000000D          0x00000326   Section        8  rtentry2.o(.ARM.Collect$$rtentry$$0000000D)
    .ARM.Collect$$rtexit$$00000000           0x0000032e   Section        2  rtexit.o(.ARM.Collect$$rtexit$$00000000)
    .ARM.Collect$$rtexit$$00000002           0x00000330   Section        0  rtexit2.o(.ARM.Collect$$rtexit$$00000002)
    .ARM.Collect$$rtexit$$00000003           0x00000330   Section        4  rtexit2.o(.ARM.Collect$$rtexit$$00000003)
    .ARM.Collect$$rtexit$$00000004           0x00000334   Section        6  rtexit2.o(.ARM.Collect$$rtexit$$00000004)
    .emb_text                                0x0000033c   Section        6  sysctl.o(.emb_text)
    $v0                                      0x0000033c   Number         0  sysctl.o(.emb_text)
    .emb_text                                0x00000344   Section       38  cpu.o(.emb_text)
    $v0                                      0x00000344   Number         0  cpu.o(.emb_text)
    .emb_text                                0x0000036c   Section       52  rand.o(.emb_text)
    .text                                    0x000003a0   Section       24  startup_rvmdk.o(.text)
    $v0                                      0x000003a0   Number         0  startup_rvmdk.o(.text)
    .text                                    0x000003b8   Section        2  use_no_semi.o(.text)
    .text                                    0x000003bc   Section        0  noretval__2printf.o(.text)
    .text                                    0x000003d4   Section        0  __printf.o(.text)
    .text                                    0x0000043c   Section        0  _printf_str.o(.text)
    .text                                    0x00000490   Section        0  _printf_dec.o(.text)
    .text                                    0x00000504   Section        0  getc.o(.text)
    .text                                    0x00000508   Section        0  puts.o(.text)
    .text                                    0x00000534   Section        0  rand.o(.text)
    .text                                    0x00000570   Section        0  heapauxi.o(.text)
    .text                                    0x00000576   Section        0  _printf_intcommon.o(.text)
    .text                                    0x00000628   Section        0  _printf_char.o(.text)
    .text                                    0x00000654   Section        0  _printf_char_file.o(.text)
    .text                                    0x00000678   Section        0  _printf_char_common.o(.text)
    _printf_input_char                       0x00000679   Thumb Code    10  _printf_char_common.o(.text)
    .text                                    0x000006a8   Section       74  sys_stackheap_outer.o(.text)
    .text                                    0x000006f2   Section        0  exit.o(.text)
    .text                                    0x00000700   Section        8  libspace.o(.text)
    i.CPUgetPRIMASK_cpsid                    0x00000708   Section        0  es_port.o(i.CPUgetPRIMASK_cpsid)
    i.CPUsetPRIMASK                          0x00000710   Section        0  es_port.o(i.CPUsetPRIMASK)
    i.Check4Keystroke                        0x00000718   Section        0  eventcheckers.o(i.Check4Keystroke)
    i.ConstructPacket                        0x00000768   Section        0  comm_service.o(i.ConstructPacket)
    ConstructPacket                          0x00000769   Thumb Code   310  comm_service.o(i.ConstructPacket)
    i.ES_CheckUserEvents                     0x0000094c   Section        0  es_checkevents.o(i.ES_CheckUserEvents)
    i.ES_DeQueue                             0x00000974   Section        0  es_queue.o(i.ES_DeQueue)
    i.ES_EnQueueFIFO                         0x000009c8   Section        0  es_queue.o(i.ES_EnQueueFIFO)
    i.ES_GetMSBitSet                         0x00000a10   Section        0  es_lookuptables.o(i.ES_GetMSBitSet)
    i.ES_InitQueue                           0x00000a44   Section        0  es_queue.o(i.ES_InitQueue)
    i.ES_Initialize                          0x00000a54   Section        0  es_framework.o(i.ES_Initialize)
    i.ES_PostToService                       0x00000aa0   Section        0  es_framework.o(i.ES_PostToService)
    i.ES_Run                                 0x00000ad8   Section        0  es_framework.o(i.ES_Run)
    i.ES_Timer_Init                          0x00000b38   Section        0  es_timers.o(i.ES_Timer_Init)
    i.ES_Timer_InitTimer                     0x00000b3c   Section        0  es_timers.o(i.ES_Timer_InitTimer)
    i.ES_Timer_Tick_Resp                     0x00000b78   Section        0  es_timers.o(i.ES_Timer_Tick_Resp)
    i.GPIODirModeSet                         0x00000be4   Section        0  gpio.o(i.GPIODirModeSet)
    i.GPIOPadConfigSet                       0x00000c0c   Section        0  gpio.o(i.GPIOPadConfigSet)
    i.GPIOPinConfigure                       0x00000d48   Section        0  gpio.o(i.GPIOPinConfigure)
    i.GPIOPinTypeUART                        0x00000d90   Section        0  gpio.o(i.GPIOPinTypeUART)
    i.GetDataPacket                          0x00000dac   Section        0  receive_sm.o(i.GetDataPacket)
    i.GetDataPacket_Tx                       0x00000db8   Section        0  comm_service.o(i.GetDataPacket_Tx)
    i.GetDogTag                              0x00000dc0   Section        0  farmer_sm.o(i.GetDogTag)
    i.GetEncryptionKey                       0x00000dcc   Section        0  farmer_sm.o(i.GetEncryptionKey)
    i.GetSensorData                          0x00000dd4   Section        0  farmer_sm.o(i.GetSensorData)
    i.InitComm_Service                       0x00000ddc   Section        0  comm_service.o(i.InitComm_Service)
    i.InitFARMER_SM                          0x00000de8   Section        0  farmer_sm.o(i.InitFARMER_SM)
    i.InitReceive_SM                         0x00000e30   Section        0  receive_sm.o(i.InitReceive_SM)
    i.InitTransmit_SM                        0x00000e80   Section        0  transmit_sm.o(i.InitTransmit_SM)
    i.InitUART                               0x00000ecc   Section        0  uart.o(i.InitUART)
    i.IntMasterEnable                        0x00000f94   Section        0  interrupt.o(i.IntMasterEnable)
    i.InterpretPacket                        0x00000fa4   Section        0  comm_service.o(i.InterpretPacket)
    InterpretPacket                          0x00000fa5   Thumb Code   108  comm_service.o(i.InterpretPacket)
    i.IsLastByte                             0x000010b4   Section        0  transmit_sm.o(i.IsLastByte)
    i.PostComm_Service                       0x000010c4   Section        0  comm_service.o(i.PostComm_Service)
    i.PostFARMER_SM                          0x000010d4   Section        0  farmer_sm.o(i.PostFARMER_SM)
    i.PostReceive_SM                         0x000010e4   Section        0  receive_sm.o(i.PostReceive_SM)
    i.PostTransmit_SM                        0x000010f4   Section        0  transmit_sm.o(i.PostTransmit_SM)
    i.ResetEncryptionIndex                   0x00001104   Section        0  comm_service.o(i.ResetEncryptionIndex)
    i.RunComm_Service                        0x00001110   Section        0  comm_service.o(i.RunComm_Service)
    i.RunFARMER_SM                           0x00001164   Section        0  farmer_sm.o(i.RunFARMER_SM)
    i.RunReceive_SM                          0x000012b8   Section        0  receive_sm.o(i.RunReceive_SM)
    i.RunTransmit_SM                         0x0000146c   Section        0  transmit_sm.o(i.RunTransmit_SM)
    i.SendByte                               0x0000156c   Section        0  transmit_sm.o(i.SendByte)
    SendByte                                 0x0000156d   Thumb Code    24  transmit_sm.o(i.SendByte)
    i.ShortTimerAHandler                     0x000015b0   Section        0  es_shorttimer.o(i.ShortTimerAHandler)
    i.ShortTimerBHandler                     0x000015e4   Section        0  es_shorttimer.o(i.ShortTimerBHandler)
    i.SysCtlClockSet                         0x0000161c   Section        0  sysctl.o(i.SysCtlClockSet)
    i.SysCtlPeripheralEnable                 0x0000173c   Section        0  sysctl.o(i.SysCtlPeripheralEnable)
    i.SysTickEnable                          0x00001764   Section        0  systick.o(i.SysTickEnable)
    i.SysTickIntEnable                       0x00001772   Section        0  systick.o(i.SysTickIntEnable)
    i.SysTickIntHandler                      0x00001780   Section        0  es_port.o(i.SysTickIntHandler)
    i.SysTickPeriodSet                       0x00001794   Section        0  systick.o(i.SysTickPeriodSet)
    i.TERMIO_GetChar                         0x0000179e   Section        0  termio.o(i.TERMIO_GetChar)
    i.TERMIO_Init                            0x000017a4   Section        0  termio.o(i.TERMIO_Init)
    i.TERMIO_PutChar                         0x000017f4   Section        0  termio.o(i.TERMIO_PutChar)
    i.TimerIntClear                          0x00001800   Section        0  timer.o(i.TimerIntClear)
    i.UARTCharPut                            0x00001804   Section        0  uart.o(i.UARTCharPut)
    i.UARTClockSourceSet                     0x00001810   Section        0  uart.o(i.UARTClockSourceSet)
    i.UARTStdioConfig                        0x00001818   Section        0  uartstdio.o(i.UARTStdioConfig)
    i.UART_ISR                               0x00001874   Section        0  uart.o(i.UART_ISR)
    i.UARTgetc                               0x000018d4   Section        0  uartstdio.o(i.UARTgetc)
    i._HW_Process_Pending_Ints               0x000018ec   Section        0  es_port.o(i._HW_Process_Pending_Ints)
    i._HW_Timer_Init                         0x0000190c   Section        0  es_port.o(i._HW_Timer_Init)
    i._sys_exit                              0x00001922   Section        0  retarget.o(i._sys_exit)
    i.ferror                                 0x00001924   Section        0  retarget.o(i.ferror)
    i.fgetc                                  0x0000192a   Section        0  retarget.o(i.fgetc)
    i.fputc                                  0x0000192e   Section        0  retarget.o(i.fputc)
    i.kbhit                                  0x0000193c   Section        0  termio.o(i.kbhit)
    i.main                                   0x00001950   Section        0  main.o(i.main)
    x$fpl$fpinit                             0x00001b20   Section       10  fpinit.o(x$fpl$fpinit)
    $v0                                      0x00001b20   Number         0  fpinit.o(x$fpl$fpinit)
    .constdata                               0x00001b2c   Section        4  es_checkevents.o(.constdata)
    ES_EventList                             0x00001b2c   Data           4  es_checkevents.o(.constdata)
    .constdata                               0x00001b30   Section       64  es_framework.o(.constdata)
    ServDescList                             0x00001b30   Data          32  es_framework.o(.constdata)
    EventQueues                              0x00001b50   Data          32  es_framework.o(.constdata)
    .constdata                               0x00001b70   Section       32  es_lookuptables.o(.constdata)
    .constdata                               0x00001b90   Section       15  es_lookuptables.o(.constdata)
    .constdata                               0x00001ba0   Section       64  es_timers.o(.constdata)
    Timer2PostFunc                           0x00001ba0   Data          64  es_timers.o(.constdata)
    .constdata                               0x00001be0   Section       28  uartstdio.o(.constdata)
    g_pcHex                                  0x00001be0   Data           4  uartstdio.o(.constdata)
    g_ui32UARTBase                           0x00001be4   Data          12  uartstdio.o(.constdata)
    g_ui32UARTPeriph                         0x00001bf0   Data          12  uartstdio.o(.constdata)
    .constdata                               0x00001bfc   Section      528  gpio.o(.constdata)
    g_ppui32GPIOIntMapBlizzard               0x00001bfc   Data         192  gpio.o(.constdata)
    g_ppui32GPIOIntMapSnowflake              0x00001cbc   Data         192  gpio.o(.constdata)
    g_pui32GPIOBaseAddrs                     0x00001d7c   Data         144  gpio.o(.constdata)
    .conststring                             0x00001e0c   Section       17  uartstdio.o(.conststring)
    .data                                    0x20000000   Section        2  es_shorttimer.o(.data)
    Timer_A_Priority                         0x20000000   Data           1  es_shorttimer.o(.data)
    Timer_B_Priority                         0x20000001   Data           1  es_shorttimer.o(.data)
    .data                                    0x20000004   Section        8  comm_service.o(.data)
    MyPriority                               0x20000004   Data           1  comm_service.o(.data)
    EncryptionIndex                          0x20000005   Data           1  comm_service.o(.data)
    DataPacket_Rx                            0x20000008   Data           4  comm_service.o(.data)
    .data                                    0x2000000c   Section       12  receive_sm.o(.data)
    MSBLength                                0x2000000c   Data           1  receive_sm.o(.data)
    LSBLength                                0x2000000d   Data           1  receive_sm.o(.data)
    FrameLength                              0x2000000e   Data           1  receive_sm.o(.data)
    BytesLeft                                0x2000000f   Data           1  receive_sm.o(.data)
    CheckSum                                 0x20000010   Data           1  receive_sm.o(.data)
    ArrayIndex                               0x20000011   Data           1  receive_sm.o(.data)
    CurrentState                             0x20000012   Data           1  receive_sm.o(.data)
    MyPriority                               0x20000013   Data           1  receive_sm.o(.data)
    outgoingDataPacket                       0x20000014   Data           4  receive_sm.o(.data)
    .data                                    0x20000018   Section       12  transmit_sm.o(.data)
    DataPacketLength                         0x20000018   Data           1  transmit_sm.o(.data)
    index                                    0x20000019   Data           1  transmit_sm.o(.data)
    LastByteFlag                             0x2000001a   Data           1  transmit_sm.o(.data)
    CurrentState                             0x2000001b   Data           1  transmit_sm.o(.data)
    MyPriority                               0x2000001c   Data           1  transmit_sm.o(.data)
    DataToSend                               0x20000020   Data           4  transmit_sm.o(.data)
    .data                                    0x20000024   Section        1  uart.o(.data)
    DataByte                                 0x20000024   Data           1  uart.o(.data)
    .data                                    0x20000026   Section        9  farmer_sm.o(.data)
    DogTag                                   0x20000026   Data           1  farmer_sm.o(.data)
    CurrentState                             0x20000027   Data           1  farmer_sm.o(.data)
    MyPriority                               0x20000028   Data           1  farmer_sm.o(.data)
    GameTimerLength                          0x2000002a   Data           2  farmer_sm.o(.data)
    Placeholder_Data                         0x2000002c   Data           3  farmer_sm.o(.data)
    .data                                    0x20000030   Section        6  es_framework.o(.data)
    ThisEvent                                0x20000032   Data           4  es_framework.o(.data)
    .data                                    0x20000036   Section        4  es_port.o(.data)
    TickCount                                0x20000036   Data           1  es_port.o(.data)
    SysTickCounter                           0x20000038   Data           2  es_port.o(.data)
    .data                                    0x2000003c   Section        4  es_queue.o(.data)
    .data                                    0x20000040   Section       10  es_timers.o(.data)
    NextTimer2Process                        0x20000040   Data           1  es_timers.o(.data)
    NeedsProcessing                          0x20000042   Data           2  es_timers.o(.data)
    TMR_ActiveFlags                          0x20000044   Data           2  es_timers.o(.data)
    NewEvent                                 0x20000046   Data           4  es_timers.o(.data)
    .data                                    0x2000004c   Section        4  retarget.o(.data)
    .data                                    0x20000050   Section        4  retarget.o(.data)
    .data                                    0x20000054   Section        8  uartstdio.o(.data)
    bLastWasCR                               0x20000054   Data           1  uartstdio.o(.data)
    g_ui32Base                               0x20000058   Data           4  uartstdio.o(.data)
    .bss                                     0x2000005c   Section       42  comm_service.o(.bss)
    DataPacket_Tx                            0x2000005c   Data          42  comm_service.o(.bss)
    .bss                                     0x20000086   Section       40  receive_sm.o(.bss)
    DataPacket                               0x20000086   Data          40  receive_sm.o(.bss)
    .bss                                     0x200000ae   Section       32  farmer_sm.o(.bss)
    EncryptionKey                            0x200000ae   Data          32  farmer_sm.o(.bss)
    .bss                                     0x200000ce   Section       24  es_framework.o(.bss)
    Queue0                                   0x200000ce   Data          24  es_framework.o(.bss)
    .bss                                     0x200000e6   Section       16  es_framework.o(.bss)
    Queue1                                   0x200000e6   Data          16  es_framework.o(.bss)
    .bss                                     0x200000f6   Section       16  es_framework.o(.bss)
    Queue2                                   0x200000f6   Data          16  es_framework.o(.bss)
    .bss                                     0x20000106   Section       16  es_framework.o(.bss)
    Queue3                                   0x20000106   Data          16  es_framework.o(.bss)
    .bss                                     0x20000116   Section       32  es_timers.o(.bss)
    TMR_TimerArray                           0x20000116   Data          32  es_timers.o(.bss)
    .bss                                     0x20000138   Section      228  rand.o(.bss)
    .bss                                     0x2000021c   Section       96  libspace.o(.bss)
    HEAP                                     0x20000280   Section        0  startup_rvmdk.o(HEAP)
    STACK                                    0x20000280   Section     2048  startup_rvmdk.o(STACK)
    HeapMem                                  0x20000280   Data           0  startup_rvmdk.o(HEAP)
    StackMem                                 0x20000280   Data           0  startup_rvmdk.o(STACK)

    Global Symbols

    Symbol Name                              Value     Ov Type        Size  Object(Section)

    BuildAttributes$$THM_ISAv4$E$P$D$K$B$S$7EM$VFPi3$EXTD16$VFPS$VFMA$PE$A:L22UL41UL21$X:L11$S22US41US21$IEEE1$IW$USESV6$~STKCKD$USESV7$~SHL$OTIME$ROPI$EBA8$UX$STANDARDLIB$REQ8$PRES8$EABIv2 0x00000000   Number         0  anon$$obj.o ABSOLUTE
    __ARM_use_no_argv                        0x00000000   Number         0  main.o ABSOLUTE
    __Vectors                                0x00000000   Data           0  startup_rvmdk.o(RESET)
    __ARM_exceptions_init                     - Undefined Weak Reference
    __alloca_initialize                       - Undefined Weak Reference
    __cpp_initialize__aeabi_                  - Undefined Weak Reference
    __cxa_finalize                            - Undefined Weak Reference
    __rt_locale                               - Undefined Weak Reference
    __sigvec_lookup                           - Undefined Weak Reference
    _atexit_init                              - Undefined Weak Reference
    _call_atexit_fns                          - Undefined Weak Reference
    _clock_init                               - Undefined Weak Reference
    _fp_trap_init                             - Undefined Weak Reference
    _fp_trap_shutdown                         - Undefined Weak Reference
    _get_lc_collate                           - Undefined Weak Reference
    _get_lc_ctype                             - Undefined Weak Reference
    _get_lc_monetary                          - Undefined Weak Reference
    _get_lc_numeric                           - Undefined Weak Reference
    _get_lc_time                              - Undefined Weak Reference
    _getenv_init                              - Undefined Weak Reference
    _handle_redirection                       - Undefined Weak Reference
    _init_alloc                               - Undefined Weak Reference
    _init_user_alloc                          - Undefined Weak Reference
    _initio                                   - Undefined Weak Reference
    _printf_mbtowc                            - Undefined Weak Reference
    _printf_post_padding                      - Undefined Weak Reference
    _printf_pre_padding                       - Undefined Weak Reference
    _printf_truncate_signed                   - Undefined Weak Reference
    _printf_truncate_unsigned                 - Undefined Weak Reference
    _signal_finish                            - Undefined Weak Reference
    _signal_init                              - Undefined Weak Reference
    _terminate_alloc                          - Undefined Weak Reference
    _terminate_user_alloc                     - Undefined Weak Reference
    _terminateio                              - Undefined Weak Reference
    Reset_Handler                            0x0000026d   Thumb Code     0  startup_rvmdk.o(RESET)
    __main                                   0x00000289   Thumb Code     8  __main.o(!!!main)
    __scatterload                            0x00000291   Thumb Code     0  __scatter.o(!!!scatter)
    __scatterload_rt2                        0x00000291   Thumb Code    44  __scatter.o(!!!scatter)
    __scatterload_rt2_thumb_only             0x00000291   Thumb Code     0  __scatter.o(!!!scatter)
    __scatterload_null                       0x0000029f   Thumb Code     0  __scatter.o(!!!scatter)
    __scatterload_copy                       0x000002c5   Thumb Code    26  __scatter_copy.o(!!handler_copy)
    __scatterload_zeroinit                   0x000002e1   Thumb Code    28  __scatter_zi.o(!!handler_zi)
    _printf_i                                0x000002fd   Thumb Code     0  _printf_i.o(.ARM.Collect$$_printf_percent$$00000008)
    _printf_percent                          0x000002fd   Thumb Code     0  _printf_percent.o(.ARM.Collect$$_printf_percent$$00000000)
    _printf_s                                0x00000303   Thumb Code     0  _printf_s.o(.ARM.Collect$$_printf_percent$$00000014)
    _printf_percent_end                      0x00000309   Thumb Code     0  _printf_percent_end.o(.ARM.Collect$$_printf_percent$$00000017)
    __rt_lib_init                            0x0000030d   Thumb Code     0  libinit.o(.ARM.Collect$$libinit$$00000000)
    __rt_lib_init_fp_1                       0x0000030f   Thumb Code     0  libinit2.o(.ARM.Collect$$libinit$$00000001)
    __rt_lib_init_heap_1                     0x00000313   Thumb Code     0  libinit2.o(.ARM.Collect$$libinit$$00000008)
    __rt_lib_init_rand_2                     0x00000313   Thumb Code     0  libinit2.o(.ARM.Collect$$libinit$$0000000B)
    __rt_lib_init_user_alloc_1               0x00000313   Thumb Code     0  libinit2.o(.ARM.Collect$$libinit$$0000000A)
    __rt_lib_init_alloca_1                   0x00000317   Thumb Code     0  libinit2.o(.ARM.Collect$$libinit$$0000002C)
    __rt_lib_init_argv_1                     0x00000317   Thumb Code     0  libinit2.o(.ARM.Collect$$libinit$$0000002A)
    __rt_lib_init_atexit_1                   0x00000317   Thumb Code     0  libinit2.o(.ARM.Collect$$libinit$$00000019)
    __rt_lib_init_clock_1                    0x00000317   Thumb Code     0  libinit2.o(.ARM.Collect$$libinit$$0000001F)
    __rt_lib_init_cpp_1                      0x00000317   Thumb Code     0  libinit2.o(.ARM.Collect$$libinit$$00000030)
    __rt_lib_init_exceptions_1               0x00000317   Thumb Code     0  libinit2.o(.ARM.Collect$$libinit$$0000002E)
    __rt_lib_init_fp_trap_1                  0x00000317   Thumb Code     0  libinit2.o(.ARM.Collect$$libinit$$0000001D)
    __rt_lib_init_getenv_1                   0x00000317   Thumb Code     0  libinit2.o(.ARM.Collect$$libinit$$00000021)
    __rt_lib_init_lc_collate_1               0x00000317   Thumb Code     0  libinit2.o(.ARM.Collect$$libinit$$0000000F)
    __rt_lib_init_lc_ctype_1                 0x00000317   Thumb Code     0  libinit2.o(.ARM.Collect$$libinit$$00000011)
    __rt_lib_init_lc_monetary_1              0x00000317   Thumb Code     0  libinit2.o(.ARM.Collect$$libinit$$00000013)
    __rt_lib_init_lc_numeric_1               0x00000317   Thumb Code     0  libinit2.o(.ARM.Collect$$libinit$$00000015)
    __rt_lib_init_lc_time_1                  0x00000317   Thumb Code     0  libinit2.o(.ARM.Collect$$libinit$$00000017)
    __rt_lib_init_rand_1                     0x00000317   Thumb Code     0  libinit2.o(.ARM.Collect$$libinit$$0000000C)
    __rt_lib_init_return                     0x00000317   Thumb Code     0  libinit2.o(.ARM.Collect$$libinit$$00000031)
    __rt_lib_init_signal_1                   0x00000317   Thumb Code     0  libinit2.o(.ARM.Collect$$libinit$$0000001B)
    __rt_lib_init_stdio_1                    0x00000317   Thumb Code     0  libinit2.o(.ARM.Collect$$libinit$$00000023)
    __rt_lib_shutdown                        0x00000319   Thumb Code     0  libshutdown.o(.ARM.Collect$$libshutdown$$00000000)
    __rt_lib_shutdown_fp_trap_1              0x0000031b   Thumb Code     0  libshutdown2.o(.ARM.Collect$$libshutdown$$00000006)
    __rt_lib_shutdown_heap_1                 0x0000031b   Thumb Code     0  libshutdown2.o(.ARM.Collect$$libshutdown$$0000000E)
    __rt_lib_shutdown_return                 0x0000031b   Thumb Code     0  libshutdown2.o(.ARM.Collect$$libshutdown$$0000000F)
    __rt_lib_shutdown_signal_1               0x0000031b   Thumb Code     0  libshutdown2.o(.ARM.Collect$$libshutdown$$00000009)
    __rt_lib_shutdown_stdio_1                0x0000031b   Thumb Code     0  libshutdown2.o(.ARM.Collect$$libshutdown$$00000003)
    __rt_lib_shutdown_user_alloc_1           0x0000031b   Thumb Code     0  libshutdown2.o(.ARM.Collect$$libshutdown$$0000000B)
    __rt_entry                               0x0000031d   Thumb Code     0  rtentry.o(.ARM.Collect$$rtentry$$00000000)
    __rt_entry_presh_1                       0x0000031d   Thumb Code     0  rtentry2.o(.ARM.Collect$$rtentry$$00000002)
    __rt_entry_sh                            0x0000031d   Thumb Code     0  rtentry4.o(.ARM.Collect$$rtentry$$00000004)
    __rt_entry_li                            0x00000323   Thumb Code     0  rtentry2.o(.ARM.Collect$$rtentry$$0000000A)
    __rt_entry_postsh_1                      0x00000323   Thumb Code     0  rtentry2.o(.ARM.Collect$$rtentry$$00000009)
    __rt_entry_main                          0x00000327   Thumb Code     0  rtentry2.o(.ARM.Collect$$rtentry$$0000000D)
    __rt_entry_postli_1                      0x00000327   Thumb Code     0  rtentry2.o(.ARM.Collect$$rtentry$$0000000C)
    __rt_exit                                0x0000032f   Thumb Code     0  rtexit.o(.ARM.Collect$$rtexit$$00000000)
    __rt_exit_ls                             0x00000331   Thumb Code     0  rtexit2.o(.ARM.Collect$$rtexit$$00000003)
    __rt_exit_prels_1                        0x00000331   Thumb Code     0  rtexit2.o(.ARM.Collect$$rtexit$$00000002)
    __rt_exit_exit                           0x00000335   Thumb Code     0  rtexit2.o(.ARM.Collect$$rtexit$$00000004)
    SysCtlDelay                              0x0000033d   Thumb Code     6  sysctl.o(.emb_text)
    CPUcpsid                                 0x00000345   Thumb Code     8  cpu.o(.emb_text)
    CPUprimask                               0x0000034d   Thumb Code     6  cpu.o(.emb_text)
    CPUcpsie                                 0x00000353   Thumb Code     8  cpu.o(.emb_text)
    CPUwfi                                   0x0000035b   Thumb Code     4  cpu.o(.emb_text)
    CPUbasepriSet                            0x0000035f   Thumb Code     6  cpu.o(.emb_text)
    CPUbasepriGet                            0x00000365   Thumb Code     6  cpu.o(.emb_text)
    rand                                     0x0000036d   Thumb Code    48  rand.o(.emb_text)
    __user_initial_stackheap                 0x000003a1   Thumb Code     0  startup_rvmdk.o(.text)
    __I$use$semihosting                      0x000003b9   Thumb Code     0  use_no_semi.o(.text)
    __use_no_semihosting_swi                 0x000003b9   Thumb Code     2  use_no_semi.o(.text)
    __2printf                                0x000003bd   Thumb Code    20  noretval__2printf.o(.text)
    __printf                                 0x000003d5   Thumb Code   104  __printf.o(.text)
    _printf_str                              0x0000043d   Thumb Code    82  _printf_str.o(.text)
    _printf_int_dec                          0x00000491   Thumb Code   100  _printf_dec.o(.text)
    getc                                     0x00000505   Thumb Code     4  getc.o(.text)
    puts                                     0x00000509   Thumb Code    40  puts.o(.text)
    srand                                    0x00000535   Thumb Code    42  rand.o(.text)
    _rand_init                               0x0000055f   Thumb Code     4  rand.o(.text)
    __use_two_region_memory                  0x00000571   Thumb Code     2  heapauxi.o(.text)
    __rt_heap_escrow$2region                 0x00000573   Thumb Code     2  heapauxi.o(.text)
    __rt_heap_expand$2region                 0x00000575   Thumb Code     2  heapauxi.o(.text)
    _printf_int_common                       0x00000577   Thumb Code   178  _printf_intcommon.o(.text)
    _printf_cs_common                        0x00000629   Thumb Code    20  _printf_char.o(.text)
    _printf_char                             0x0000063d   Thumb Code    16  _printf_char.o(.text)
    _printf_string                           0x0000064d   Thumb Code     8  _printf_char.o(.text)
    _printf_char_file                        0x00000655   Thumb Code    32  _printf_char_file.o(.text)
    _printf_char_common                      0x00000683   Thumb Code    32  _printf_char_common.o(.text)
    __user_setup_stackheap                   0x000006a9   Thumb Code    74  sys_stackheap_outer.o(.text)
    exit                                     0x000006f3   Thumb Code    12  exit.o(.text)
    __user_libspace                          0x00000701   Thumb Code     8  libspace.o(.text)
    __user_perproc_libspace                  0x00000701   Thumb Code     0  libspace.o(.text)
    __user_perthread_libspace                0x00000701   Thumb Code     0  libspace.o(.text)
    CPUgetPRIMASK_cpsid                      0x00000709   Thumb Code     8  es_port.o(i.CPUgetPRIMASK_cpsid)
    CPUsetPRIMASK                            0x00000711   Thumb Code     6  es_port.o(i.CPUsetPRIMASK)
    Check4Keystroke                          0x00000719   Thumb Code    74  eventcheckers.o(i.Check4Keystroke)
    ES_CheckUserEvents                       0x0000094d   Thumb Code    34  es_checkevents.o(i.ES_CheckUserEvents)
    ES_DeQueue                               0x00000975   Thumb Code    80  es_queue.o(i.ES_DeQueue)
    ES_EnQueueFIFO                           0x000009c9   Thumb Code    66  es_queue.o(i.ES_EnQueueFIFO)
    ES_GetMSBitSet                           0x00000a11   Thumb Code    48  es_lookuptables.o(i.ES_GetMSBitSet)
    ES_InitQueue                             0x00000a45   Thumb Code    16  es_queue.o(i.ES_InitQueue)
    ES_Initialize                            0x00000a55   Thumb Code    72  es_framework.o(i.ES_Initialize)
    ES_PostToService                         0x00000aa1   Thumb Code    42  es_framework.o(i.ES_PostToService)
    ES_Run                                   0x00000ad9   Thumb Code    84  es_framework.o(i.ES_Run)
    ES_Timer_Init                            0x00000b39   Thumb Code     4  es_timers.o(i.ES_Timer_Init)
    ES_Timer_InitTimer                       0x00000b3d   Thumb Code    44  es_timers.o(i.ES_Timer_InitTimer)
    ES_Timer_Tick_Resp                       0x00000b79   Thumb Code    90  es_timers.o(i.ES_Timer_Tick_Resp)
    GPIODirModeSet                           0x00000be5   Thumb Code    40  gpio.o(i.GPIODirModeSet)
    GPIOPadConfigSet                         0x00000c0d   Thumb Code   314  gpio.o(i.GPIOPadConfigSet)
    GPIOPinConfigure                         0x00000d49   Thumb Code    64  gpio.o(i.GPIOPinConfigure)
    GPIOPinTypeUART                          0x00000d91   Thumb Code    28  gpio.o(i.GPIOPinTypeUART)
    GetDataPacket                            0x00000dad   Thumb Code     6  receive_sm.o(i.GetDataPacket)
    GetDataPacket_Tx                         0x00000db9   Thumb Code     4  comm_service.o(i.GetDataPacket_Tx)
    GetDogTag                                0x00000dc1   Thumb Code     6  farmer_sm.o(i.GetDogTag)
    GetEncryptionKey                         0x00000dcd   Thumb Code     4  farmer_sm.o(i.GetEncryptionKey)
    GetSensorData                            0x00000dd5   Thumb Code     4  farmer_sm.o(i.GetSensorData)
    InitComm_Service                         0x00000ddd   Thumb Code     8  comm_service.o(i.InitComm_Service)
    InitFARMER_SM                            0x00000de9   Thumb Code    38  farmer_sm.o(i.InitFARMER_SM)
    InitReceive_SM                           0x00000e31   Thumb Code    42  receive_sm.o(i.InitReceive_SM)
    InitTransmit_SM                          0x00000e81   Thumb Code    38  transmit_sm.o(i.InitTransmit_SM)
    InitUART                                 0x00000ecd   Thumb Code   180  uart.o(i.InitUART)
    IntMasterEnable                          0x00000f95   Thumb Code    14  interrupt.o(i.IntMasterEnable)
    IsLastByte                               0x000010b5   Thumb Code    12  transmit_sm.o(i.IsLastByte)
    PostComm_Service                         0x000010c5   Thumb Code    10  comm_service.o(i.PostComm_Service)
    PostFARMER_SM                            0x000010d5   Thumb Code    10  farmer_sm.o(i.PostFARMER_SM)
    PostReceive_SM                           0x000010e5   Thumb Code    10  receive_sm.o(i.PostReceive_SM)
    PostTransmit_SM                          0x000010f5   Thumb Code    10  transmit_sm.o(i.PostTransmit_SM)
    ResetEncryptionIndex                     0x00001105   Thumb Code     8  comm_service.o(i.ResetEncryptionIndex)
    RunComm_Service                          0x00001111   Thumb Code    50  comm_service.o(i.RunComm_Service)
    RunFARMER_SM                             0x00001165   Thumb Code   270  farmer_sm.o(i.RunFARMER_SM)
    RunReceive_SM                            0x000012b9   Thumb Code   280  receive_sm.o(i.RunReceive_SM)
    RunTransmit_SM                           0x0000146d   Thumb Code   192  transmit_sm.o(i.RunTransmit_SM)
    ShortTimerAHandler                       0x000015b1   Thumb Code    42  es_shorttimer.o(i.ShortTimerAHandler)
    ShortTimerBHandler                       0x000015e5   Thumb Code    46  es_shorttimer.o(i.ShortTimerBHandler)
    SysCtlClockSet                           0x0000161d   Thumb Code   270  sysctl.o(i.SysCtlClockSet)
    SysCtlPeripheralEnable                   0x0000173d   Thumb Code    36  sysctl.o(i.SysCtlPeripheralEnable)
    SysTickEnable                            0x00001765   Thumb Code    14  systick.o(i.SysTickEnable)
    SysTickIntEnable                         0x00001773   Thumb Code    14  systick.o(i.SysTickIntEnable)
    SysTickIntHandler                        0x00001781   Thumb Code    16  es_port.o(i.SysTickIntHandler)
    SysTickPeriodSet                         0x00001795   Thumb Code    10  systick.o(i.SysTickPeriodSet)
    TERMIO_GetChar                           0x0000179f   Thumb Code     4  termio.o(i.TERMIO_GetChar)
    TERMIO_Init                              0x000017a5   Thumb Code    62  termio.o(i.TERMIO_Init)
    TERMIO_PutChar                           0x000017f5   Thumb Code     8  termio.o(i.TERMIO_PutChar)
    TimerIntClear                            0x00001801   Thumb Code     4  timer.o(i.TimerIntClear)
    UARTCharPut                              0x00001805   Thumb Code    12  uart.o(i.UARTCharPut)
    UARTClockSourceSet                       0x00001811   Thumb Code     6  uart.o(i.UARTClockSourceSet)
    UARTStdioConfig                          0x00001819   Thumb Code    82  uartstdio.o(i.UARTStdioConfig)
    UART_ISR                                 0x00001875   Thumb Code    86  uart.o(i.UART_ISR)
    UARTgetc                                 0x000018d5   Thumb Code    20  uartstdio.o(i.UARTgetc)
    _HW_Process_Pending_Ints                 0x000018ed   Thumb Code    26  es_port.o(i._HW_Process_Pending_Ints)
    _HW_Timer_Init                           0x0000190d   Thumb Code    22  es_port.o(i._HW_Timer_Init)
    _sys_exit                                0x00001923   Thumb Code     2  retarget.o(i._sys_exit)
    ferror                                   0x00001925   Thumb Code     6  retarget.o(i.ferror)
    fgetc                                    0x0000192b   Thumb Code     4  retarget.o(i.fgetc)
    fputc                                    0x0000192f   Thumb Code    14  retarget.o(i.fputc)
    kbhit                                    0x0000193d   Thumb Code    16  termio.o(i.kbhit)
    main                                     0x00001951   Thumb Code   108  main.o(i.main)
    _fp_init                                 0x00001b21   Thumb Code    10  fpinit.o(x$fpl$fpinit)
    __fplib_config_fpu_vfp                   0x00001b29   Thumb Code     0  fpinit.o(x$fpl$fpinit)
    __fplib_config_pureend_doubles           0x00001b29   Thumb Code     0  fpinit.o(x$fpl$fpinit)
    BitNum2SetMask                           0x00001b70   Data          32  es_lookuptables.o(.constdata)
    Nybble2MSBitNum                          0x00001b90   Data          15  es_lookuptables.o(.constdata)
    Region$$Table$$Base                      0x00001e20   Number         0  anon$$obj.o(Region$$Table)
    Region$$Table$$Limit                     0x00001e40   Number         0  anon$$obj.o(Region$$Table)
    Ready                                    0x20000030   Data           2  es_framework.o(.data)
    _PRIMASK_temp                            0x2000003c   Data           4  es_queue.o(.data)
    __stdout                                 0x2000004c   Data           4  retarget.o(.data)
    __stdin                                  0x20000050   Data           4  retarget.o(.data)
    _random_number_data                      0x20000138   Data         228  rand.o(.bss)
    __libspace_start                         0x2000021c   Data          96  libspace.o(.bss)
    __temporary_stack_top$libspace           0x2000027c   Data           0  libspace.o(.bss)



==============================================================================

Memory Map of the image

  Image Entry point : 0x0000026d

  Load Region LR_IROM1 (Base: 0x00000000, Size: 0x00001e9c, Max: 0x00040000, ABSOLUTE)

    Execution Region ER_IROM1 (Base: 0x00000000, Size: 0x00001e40, Max: 0x00040000, ABSOLUTE)

    Base Addr    Size         Type   Attr      Idx    E Section Name        Object

    0x00000000   0x00000288   Code   RO          387  * RESET               startup_rvmdk.o
    0x00000288   0x00000008   Code   RO         2219  * !!!main             c_w.l(__main.o)
    0x00000290   0x00000034   Code   RO         2378    !!!scatter          c_w.l(__scatter.o)
    0x000002c4   0x0000001a   Code   RO         2380    !!handler_copy      c_w.l(__scatter_copy.o)
    0x000002de   0x00000002   PAD
    0x000002e0   0x0000001c   Code   RO         2382    !!handler_zi        c_w.l(__scatter_zi.o)
    0x000002fc   0x00000000   Code   RO         2207    .ARM.Collect$$_printf_percent$$00000000  c_w.l(_printf_percent.o)
    0x000002fc   0x00000006   Code   RO         2206    .ARM.Collect$$_printf_percent$$00000008  c_w.l(_printf_i.o)
    0x00000302   0x00000006   Code   RO         2205    .ARM.Collect$$_printf_percent$$00000014  c_w.l(_printf_s.o)
    0x00000308   0x00000004   Code   RO         2228    .ARM.Collect$$_printf_percent$$00000017  c_w.l(_printf_percent_end.o)
    0x0000030c   0x00000002   Code   RO         2308    .ARM.Collect$$libinit$$00000000  c_w.l(libinit.o)
    0x0000030e   0x00000004   Code   RO         2229    .ARM.Collect$$libinit$$00000001  c_w.l(libinit2.o)
    0x00000312   0x00000000   Code   RO         2233    .ARM.Collect$$libinit$$00000008  c_w.l(libinit2.o)
    0x00000312   0x00000000   Code   RO         2235    .ARM.Collect$$libinit$$0000000A  c_w.l(libinit2.o)
    0x00000312   0x00000004   Code   RO         2236    .ARM.Collect$$libinit$$0000000B  c_w.l(libinit2.o)
    0x00000316   0x00000000   Code   RO         2237    .ARM.Collect$$libinit$$0000000C  c_w.l(libinit2.o)
    0x00000316   0x00000000   Code   RO         2240    .ARM.Collect$$libinit$$0000000F  c_w.l(libinit2.o)
    0x00000316   0x00000000   Code   RO         2242    .ARM.Collect$$libinit$$00000011  c_w.l(libinit2.o)
    0x00000316   0x00000000   Code   RO         2244    .ARM.Collect$$libinit$$00000013  c_w.l(libinit2.o)
    0x00000316   0x00000000   Code   RO         2246    .ARM.Collect$$libinit$$00000015  c_w.l(libinit2.o)
    0x00000316   0x00000000   Code   RO         2248    .ARM.Collect$$libinit$$00000017  c_w.l(libinit2.o)
    0x00000316   0x00000000   Code   RO         2250    .ARM.Collect$$libinit$$00000019  c_w.l(libinit2.o)
    0x00000316   0x00000000   Code   RO         2252    .ARM.Collect$$libinit$$0000001B  c_w.l(libinit2.o)
    0x00000316   0x00000000   Code   RO         2254    .ARM.Collect$$libinit$$0000001D  c_w.l(libinit2.o)
    0x00000316   0x00000000   Code   RO         2256    .ARM.Collect$$libinit$$0000001F  c_w.l(libinit2.o)
    0x00000316   0x00000000   Code   RO         2258    .ARM.Collect$$libinit$$00000021  c_w.l(libinit2.o)
    0x00000316   0x00000000   Code   RO         2260    .ARM.Collect$$libinit$$00000023  c_w.l(libinit2.o)
    0x00000316   0x00000000   Code   RO         2264    .ARM.Collect$$libinit$$0000002A  c_w.l(libinit2.o)
    0x00000316   0x00000000   Code   RO         2266    .ARM.Collect$$libinit$$0000002C  c_w.l(libinit2.o)
    0x00000316   0x00000000   Code   RO         2268    .ARM.Collect$$libinit$$0000002E  c_w.l(libinit2.o)
    0x00000316   0x00000000   Code   RO         2270    .ARM.Collect$$libinit$$00000030  c_w.l(libinit2.o)
    0x00000316   0x00000002   Code   RO         2271    .ARM.Collect$$libinit$$00000031  c_w.l(libinit2.o)
    0x00000318   0x00000002   Code   RO         2342    .ARM.Collect$$libshutdown$$00000000  c_w.l(libshutdown.o)
    0x0000031a   0x00000000   Code   RO         2347    .ARM.Collect$$libshutdown$$00000003  c_w.l(libshutdown2.o)
    0x0000031a   0x00000000   Code   RO         2350    .ARM.Collect$$libshutdown$$00000006  c_w.l(libshutdown2.o)
    0x0000031a   0x00000000   Code   RO         2353    .ARM.Collect$$libshutdown$$00000009  c_w.l(libshutdown2.o)
    0x0000031a   0x00000000   Code   RO         2355    .ARM.Collect$$libshutdown$$0000000B  c_w.l(libshutdown2.o)
    0x0000031a   0x00000000   Code   RO         2358    .ARM.Collect$$libshutdown$$0000000E  c_w.l(libshutdown2.o)
    0x0000031a   0x00000002   Code   RO         2359    .ARM.Collect$$libshutdown$$0000000F  c_w.l(libshutdown2.o)
    0x0000031c   0x00000000   Code   RO         2221    .ARM.Collect$$rtentry$$00000000  c_w.l(rtentry.o)
    0x0000031c   0x00000000   Code   RO         2273    .ARM.Collect$$rtentry$$00000002  c_w.l(rtentry2.o)
    0x0000031c   0x00000006   Code   RO         2285    .ARM.Collect$$rtentry$$00000004  c_w.l(rtentry4.o)
    0x00000322   0x00000000   Code   RO         2275    .ARM.Collect$$rtentry$$00000009  c_w.l(rtentry2.o)
    0x00000322   0x00000004   Code   RO         2276    .ARM.Collect$$rtentry$$0000000A  c_w.l(rtentry2.o)
    0x00000326   0x00000000   Code   RO         2278    .ARM.Collect$$rtentry$$0000000C  c_w.l(rtentry2.o)
    0x00000326   0x00000008   Code   RO         2279    .ARM.Collect$$rtentry$$0000000D  c_w.l(rtentry2.o)
    0x0000032e   0x00000002   Code   RO         2314    .ARM.Collect$$rtexit$$00000000  c_w.l(rtexit.o)
    0x00000330   0x00000000   Code   RO         2324    .ARM.Collect$$rtexit$$00000002  c_w.l(rtexit2.o)
    0x00000330   0x00000004   Code   RO         2325    .ARM.Collect$$rtexit$$00000003  c_w.l(rtexit2.o)
    0x00000334   0x00000006   Code   RO         2326    .ARM.Collect$$rtexit$$00000004  c_w.l(rtexit2.o)
    0x0000033a   0x00000002   PAD
    0x0000033c   0x00000006   Code   RO         1225    .emb_text           driverlib.lib(sysctl.o)
    0x00000342   0x00000002   PAD
    0x00000344   0x00000026   Code   RO         2161    .emb_text           driverlib.lib(cpu.o)
    0x0000036a   0x00000002   PAD
    0x0000036c   0x00000034   Code   RO         2212    .emb_text           c_w.l(rand.o)
    0x000003a0   0x00000018   Code   RO          388    .text               startup_rvmdk.o
    0x000003b8   0x00000002   Code   RO         2173    .text               c_w.l(use_no_semi.o)
    0x000003ba   0x00000002   PAD
    0x000003bc   0x00000018   Code   RO         2177    .text               c_w.l(noretval__2printf.o)
    0x000003d4   0x00000068   Code   RO         2179    .text               c_w.l(__printf.o)
    0x0000043c   0x00000052   Code   RO         2181    .text               c_w.l(_printf_str.o)
    0x0000048e   0x00000002   PAD
    0x00000490   0x00000074   Code   RO         2183    .text               c_w.l(_printf_dec.o)
    0x00000504   0x00000004   Code   RO         2208    .text               c_w.l(getc.o)
    0x00000508   0x0000002c   Code   RO         2210    .text               c_w.l(puts.o)
    0x00000534   0x0000003c   Code   RO         2213    .text               c_w.l(rand.o)
    0x00000570   0x00000006   Code   RO         2217    .text               c_w.l(heapauxi.o)
    0x00000576   0x000000b2   Code   RO         2222    .text               c_w.l(_printf_intcommon.o)
    0x00000628   0x0000002c   Code   RO         2224    .text               c_w.l(_printf_char.o)
    0x00000654   0x00000024   Code   RO         2226    .text               c_w.l(_printf_char_file.o)
    0x00000678   0x00000030   Code   RO         2287    .text               c_w.l(_printf_char_common.o)
    0x000006a8   0x0000004a   Code   RO         2293    .text               c_w.l(sys_stackheap_outer.o)
    0x000006f2   0x0000000c   Code   RO         2297    .text               c_w.l(exit.o)
    0x000006fe   0x00000002   PAD
    0x00000700   0x00000008   Code   RO         2311    .text               c_w.l(libspace.o)
    0x00000708   0x00000008   Code   RO          519    i.CPUgetPRIMASK_cpsid  es_port.o
    0x00000710   0x00000006   Code   RO          525    i.CPUsetPRIMASK     es_port.o
    0x00000716   0x00000002   PAD
    0x00000718   0x00000050   Code   RO           86    i.Check4Keystroke   eventcheckers.o
    0x00000768   0x000001e4   Code   RO          171    i.ConstructPacket   comm_service.o
    0x0000094c   0x00000028   Code   RO          394    i.ES_CheckUserEvents  es_checkevents.o
    0x00000974   0x00000054   Code   RO          547    i.ES_DeQueue        es_queue.o
    0x000009c8   0x00000048   Code   RO          548    i.ES_EnQueueFIFO    es_queue.o
    0x00000a10   0x00000034   Code   RO          468    i.ES_GetMSBitSet    es_lookuptables.o
    0x00000a44   0x00000010   Code   RO          550    i.ES_InitQueue      es_queue.o
    0x00000a54   0x0000004c   Code   RO          420    i.ES_Initialize     es_framework.o
    0x00000aa0   0x00000038   Code   RO          422    i.ES_PostToService  es_framework.o
    0x00000ad8   0x00000060   Code   RO          424    i.ES_Run            es_framework.o
    0x00000b38   0x00000004   Code   RO          590    i.ES_Timer_Init     es_timers.o
    0x00000b3c   0x0000003c   Code   RO          591    i.ES_Timer_InitTimer  es_timers.o
    0x00000b78   0x0000006c   Code   RO          595    i.ES_Timer_Tick_Resp  es_timers.o
    0x00000be4   0x00000028   Code   RO          788    i.GPIODirModeSet    driverlib.lib(gpio.o)
    0x00000c0c   0x0000013a   Code   RO          798    i.GPIOPadConfigSet  driverlib.lib(gpio.o)
    0x00000d46   0x00000002   PAD
    0x00000d48   0x00000048   Code   RO          799    i.GPIOPinConfigure  driverlib.lib(gpio.o)
    0x00000d90   0x0000001c   Code   RO          824    i.GPIOPinTypeUART   driverlib.lib(gpio.o)
    0x00000dac   0x0000000c   Code   RO          247    i.GetDataPacket     receive_sm.o
    0x00000db8   0x00000008   Code   RO          172    i.GetDataPacket_Tx  comm_service.o
    0x00000dc0   0x0000000c   Code   RO          340    i.GetDogTag         farmer_sm.o
    0x00000dcc   0x00000008   Code   RO          341    i.GetEncryptionKey  farmer_sm.o
    0x00000dd4   0x00000008   Code   RO          342    i.GetSensorData     farmer_sm.o
    0x00000ddc   0x0000000c   Code   RO          173    i.InitComm_Service  comm_service.o
    0x00000de8   0x00000048   Code   RO          343    i.InitFARMER_SM     farmer_sm.o
    0x00000e30   0x00000050   Code   RO          248    i.InitReceive_SM    receive_sm.o
    0x00000e80   0x0000004c   Code   RO          280    i.InitTransmit_SM   transmit_sm.o
    0x00000ecc   0x000000c8   Code   RO          320    i.InitUART          uart.o
    0x00000f94   0x0000000e   Code   RO         1113    i.IntMasterEnable   driverlib.lib(interrupt.o)
    0x00000fa2   0x00000002   PAD
    0x00000fa4   0x00000110   Code   RO          174    i.InterpretPacket   comm_service.o
    0x000010b4   0x00000010   Code   RO          281    i.IsLastByte        transmit_sm.o
    0x000010c4   0x00000010   Code   RO          175    i.PostComm_Service  comm_service.o
    0x000010d4   0x00000010   Code   RO          344    i.PostFARMER_SM     farmer_sm.o
    0x000010e4   0x00000010   Code   RO          249    i.PostReceive_SM    receive_sm.o
    0x000010f4   0x00000010   Code   RO          282    i.PostTransmit_SM   transmit_sm.o
    0x00001104   0x0000000c   Code   RO          176    i.ResetEncryptionIndex  comm_service.o
    0x00001110   0x00000054   Code   RO          177    i.RunComm_Service   comm_service.o
    0x00001164   0x00000154   Code   RO          345    i.RunFARMER_SM      farmer_sm.o
    0x000012b8   0x000001b4   Code   RO          250    i.RunReceive_SM     receive_sm.o
    0x0000146c   0x00000100   Code   RO          283    i.RunTransmit_SM    transmit_sm.o
    0x0000156c   0x00000044   Code   RO          284    i.SendByte          transmit_sm.o
    0x000015b0   0x00000034   Code   RO          118    i.ShortTimerAHandler  es_shorttimer.o
    0x000015e4   0x00000038   Code   RO          119    i.ShortTimerBHandler  es_shorttimer.o
    0x0000161c   0x00000120   Code   RO         1230    i.SysCtlClockSet    driverlib.lib(sysctl.o)
    0x0000173c   0x00000028   Code   RO         1259    i.SysCtlPeripheralEnable  driverlib.lib(sysctl.o)
    0x00001764   0x0000000e   Code   RO         1568    i.SysTickEnable     driverlib.lib(systick.o)
    0x00001772   0x0000000e   Code   RO         1570    i.SysTickIntEnable  driverlib.lib(systick.o)
    0x00001780   0x00000014   Code   RO          485    i.SysTickIntHandler  es_port.o
    0x00001794   0x0000000a   Code   RO         1574    i.SysTickPeriodSet  driverlib.lib(systick.o)
    0x0000179e   0x00000004   Code   RO          691    i.TERMIO_GetChar    termio.o
    0x000017a2   0x00000002   PAD
    0x000017a4   0x00000050   Code   RO          692    i.TERMIO_Init       termio.o
    0x000017f4   0x0000000c   Code   RO          693    i.TERMIO_PutChar    termio.o
    0x00001800   0x00000004   Code   RO         1644    i.TimerIntClear     driverlib.lib(timer.o)
    0x00001804   0x0000000c   Code   RO         1880    i.UARTCharPut       driverlib.lib(uart.o)
    0x00001810   0x00000006   Code   RO         1884    i.UARTClockSourceSet  driverlib.lib(uart.o)
    0x00001816   0x00000002   PAD
    0x00001818   0x0000005c   Code   RO          731    i.UARTStdioConfig   uartstdio.o
    0x00001874   0x00000060   Code   RO          321    i.UART_ISR          uart.o
    0x000018d4   0x00000018   Code   RO          732    i.UARTgetc          uartstdio.o
    0x000018ec   0x00000020   Code   RO          487    i._HW_Process_Pending_Ints  es_port.o
    0x0000190c   0x00000016   Code   RO          488    i._HW_Timer_Init    es_port.o
    0x00001922   0x00000002   Code   RO          641    i._sys_exit         retarget.o
    0x00001924   0x00000006   Code   RO          643    i.ferror            retarget.o
    0x0000192a   0x00000004   Code   RO          644    i.fgetc             retarget.o
    0x0000192e   0x0000000e   Code   RO          645    i.fputc             retarget.o
    0x0000193c   0x00000014   Code   RO          694    i.kbhit             termio.o
    0x00001950   0x000001d0   Code   RO            1    i.main              main.o
    0x00001b20   0x0000000a   Code   RO         2291    x$fpl$fpinit        fz_wm.l(fpinit.o)
    0x00001b2a   0x00000002   PAD
    0x00001b2c   0x00000004   Data   RO          395    .constdata          es_checkevents.o
    0x00001b30   0x00000040   Data   RO          429    .constdata          es_framework.o
    0x00001b70   0x00000020   Data   RO          469    .constdata          es_lookuptables.o
    0x00001b90   0x0000000f   Data   RO          470    .constdata          es_lookuptables.o
    0x00001b9f   0x00000001   PAD
    0x00001ba0   0x00000040   Data   RO          597    .constdata          es_timers.o
    0x00001be0   0x0000001c   Data   RO          737    .constdata          uartstdio.o
    0x00001bfc   0x00000210   Data   RO          831    .constdata          driverlib.lib(gpio.o)
    0x00001e0c   0x00000011   Data   RO          738    .conststring        uartstdio.o
    0x00001e1d   0x00000003   PAD
    0x00001e20   0x00000020   Data   RO         2376    Region$$Table       anon$$obj.o


    Execution Region RW_IRAM1 (Base: 0x20000000, Size: 0x00000a80, Max: 0x00008000, ABSOLUTE)

    Base Addr    Size         Type   Attr      Idx    E Section Name        Object

    0x20000000   0x00000002   Data   RW          120    .data               es_shorttimer.o
    0x20000002   0x00000002   PAD
    0x20000004   0x00000008   Data   RW          179    .data               comm_service.o
    0x2000000c   0x0000000c   Data   RW          252    .data               receive_sm.o
    0x20000018   0x0000000c   Data   RW          285    .data               transmit_sm.o
    0x20000024   0x00000001   Data   RW          322    .data               uart.o
    0x20000025   0x00000001   PAD
    0x20000026   0x00000009   Data   RW          347    .data               farmer_sm.o
    0x2000002f   0x00000001   PAD
    0x20000030   0x00000006   Data   RW          430    .data               es_framework.o
    0x20000036   0x00000004   Data   RW          489    .data               es_port.o
    0x2000003a   0x00000002   PAD
    0x2000003c   0x00000004   Data   RW          552    .data               es_queue.o
    0x20000040   0x0000000a   Data   RW          598    .data               es_timers.o
    0x2000004a   0x00000002   PAD
    0x2000004c   0x00000004   Data   RW          646    .data               retarget.o
    0x20000050   0x00000004   Data   RW          647    .data               retarget.o
    0x20000054   0x00000008   Data   RW          739    .data               uartstdio.o
    0x2000005c   0x0000002a   Zero   RW          178    .bss                comm_service.o
    0x20000086   0x00000028   Zero   RW          251    .bss                receive_sm.o
    0x200000ae   0x00000020   Zero   RW          346    .bss                farmer_sm.o
    0x200000ce   0x00000018   Zero   RW          425    .bss                es_framework.o
    0x200000e6   0x00000010   Zero   RW          426    .bss                es_framework.o
    0x200000f6   0x00000010   Zero   RW          427    .bss                es_framework.o
    0x20000106   0x00000010   Zero   RW          428    .bss                es_framework.o
    0x20000116   0x00000020   Zero   RW          596    .bss                es_timers.o
    0x20000136   0x00000002   PAD
    0x20000138   0x000000e4   Zero   RW         2214    .bss                c_w.l(rand.o)
    0x2000021c   0x00000060   Zero   RW         2312    .bss                c_w.l(libspace.o)
    0x2000027c   0x00000004   PAD
    0x20000280   0x00000000   Zero   RW          386    HEAP                startup_rvmdk.o
    0x20000280   0x00000800   Zero   RW          385    STACK               startup_rvmdk.o


==============================================================================

Image component sizes


      Code (inc. data)   RO Data    RW Data    ZI Data      Debug   Object Name

       888        390          0          8         42       5002   comm_service.o
        40          6          4          0          0       1161   es_checkevents.o
       228         30         64          6         72       2932   es_framework.o
        52          4         47          0          0       1270   es_lookuptables.o
        88         10          0          4          0       3526   es_port.o
       172         10          0          4          0       2405   es_queue.o
       108         20          0          2          0       2080   es_shorttimer.o
       172         34         64         10         32       2374   es_timers.o
        80          6          0          0          0       1770   eventcheckers.o
       456        124          0          9         32       4162   farmer_sm.o
       464        356          0          0          0       9491   main.o
       544        212          0         12         40       3222   receive_sm.o
        26          0          0          8          0       3619   retarget.o
       672        636          0          0       2048        540   startup_rvmdk.o
       116         26          0          0          0       1932   termio.o
       432        156          0         12          0       3770   transmit_sm.o
       296         30          0          1          0       1290   uart.o
       116         14         45          8          0       2696   uartstdio.o

    ----------------------------------------------------------------------
      4954       2064        260         92       2268      53242   Object Totals
         0          0         32          0          0          0   (incl. Generated)
         4          0          4          8          2          0   (incl. Padding)

    ----------------------------------------------------------------------

      Code (inc. data)   RO Data    RW Data    ZI Data      Debug   Library Member Name

         8          0          0          0          0         68   __main.o
       104          0          0          0          0         84   __printf.o
        52          8          0          0          0          0   __scatter.o
        26          0          0          0          0          0   __scatter_copy.o
        28          0          0          0          0          0   __scatter_zi.o
        44          0          0          0          0        108   _printf_char.o
        48          6          0          0          0         96   _printf_char_common.o
        36          4          0          0          0         80   _printf_char_file.o
       116         16          0          0          0         92   _printf_dec.o
         6          0          0          0          0          0   _printf_i.o
       178          0          0          0          0         88   _printf_intcommon.o
         0          0          0          0          0          0   _printf_percent.o
         4          0          0          0          0          0   _printf_percent_end.o
         6          0          0          0          0          0   _printf_s.o
        82          0          0          0          0         80   _printf_str.o
        12          0          0          0          0         72   exit.o
         4          0          0          0          0         68   getc.o
         6          0          0          0          0        152   heapauxi.o
         2          0          0          0          0          0   libinit.o
        10          0          0          0          0          0   libinit2.o
         2          0          0          0          0          0   libshutdown.o
         2          0          0          0          0          0   libshutdown2.o
         8          4          0          0         96         68   libspace.o
        24          4          0          0          0         84   noretval__2printf.o
        44          4          0          0          0         84   puts.o
       112         18          0          0        228        160   rand.o
         0          0          0          0          0          0   rtentry.o
        12          0          0          0          0          0   rtentry2.o
         6          0          0          0          0          0   rtentry4.o
         2          0          0          0          0          0   rtexit.o
        10          0          0          0          0          0   rtexit2.o
        74          0          0          0          0         80   sys_stackheap_outer.o
         2          0          0          0          0         68   use_no_semi.o
        38          0          0          0          0        504   cpu.o
       454          8        528          0          0       5929   gpio.o
        14          0          0          0          0        450   interrupt.o
       334         22          0          0          0       1550   sysctl.o
        38          0          0          0          0       1218   systick.o
         4          0          0          0          0        424   timer.o
        18          0          0          0          0        867   uart.o
        10          0          0          0          0        116   fpinit.o

    ----------------------------------------------------------------------
      2002         94        528          0        328      12590   Library Totals
        22          0          0          0          4          0   (incl. Padding)

    ----------------------------------------------------------------------

      Code (inc. data)   RO Data    RW Data    ZI Data      Debug   Library Name

      1070         64          0          0        324       1532   c_w.l
       900         30        528          0          0      10942   driverlib.lib
        10          0          0          0          0        116   fz_wm.l

    ----------------------------------------------------------------------
      2002         94        528          0        328      12590   Library Totals

    ----------------------------------------------------------------------

==============================================================================


      Code (inc. data)   RO Data    RW Data    ZI Data      Debug   

      6956       2158        788         92       2596      58904   Grand Totals
      6956       2158        788         92       2596      58904   ELF Image Totals
      6956       2158        788         92          0          0   ROM Totals

==============================================================================

    Total RO  Size (Code + RO Data)                 7744 (   7.56kB)
    Total RW  Size (RW Data + ZI Data)              2688 (   2.63kB)
    Total ROM Size (Code + RO Data + RW Data)       7836 (   7.65kB)

==============================================================================

